Component: ARM Compiler 5.06 update 6 (build 750) Tool: armlink [4d35ed]

==============================================================================

Section Cross References

    startup_stm32f10x_hd.o(RESET) refers to startup_stm32f10x_hd.o(STACK) for __initial_sp
    startup_stm32f10x_hd.o(RESET) refers to startup_stm32f10x_hd.o(.text) for Reset_Handler
    startup_stm32f10x_hd.o(RESET) refers to stm32f10x_it.o(.text) for NMI_Handler
    startup_stm32f10x_hd.o(RESET) refers to millis.o(.text) for RTC_IRQHandler
    startup_stm32f10x_hd.o(RESET) refers to timer.o(.text) for TIM3_IRQHandler
    startup_stm32f10x_hd.o(.text) refers to system_stm32f10x.o(.text) for SystemInit
    startup_stm32f10x_hd.o(.text) refers to entry.o(.ARM.Collect$$$$00000000) for __main
    system_stm32f10x.o(.text) refers to system_stm32f10x.o(.data) for SystemCoreClock
    stm32f10x_adc.o(.text) refers to stm32f10x_rcc.o(.text) for RCC_APB2PeriphResetCmd
    stm32f10x_bkp.o(.text) refers to stm32f10x_rcc.o(.text) for RCC_BackupResetCmd
    stm32f10x_can.o(.text) refers to stm32f10x_rcc.o(.text) for RCC_APB1PeriphResetCmd
    stm32f10x_cec.o(.text) refers to stm32f10x_rcc.o(.text) for RCC_APB1PeriphResetCmd
    stm32f10x_dac.o(.text) refers to stm32f10x_rcc.o(.text) for RCC_APB1PeriphResetCmd
    stm32f10x_gpio.o(.text) refers to stm32f10x_rcc.o(.text) for RCC_APB2PeriphResetCmd
    stm32f10x_i2c.o(.text) refers to stm32f10x_rcc.o(.text) for RCC_APB1PeriphResetCmd
    stm32f10x_pwr.o(.text) refers to stm32f10x_rcc.o(.text) for RCC_APB1PeriphResetCmd
    stm32f10x_rcc.o(.text) refers to stm32f10x_rcc.o(.data) for APBAHBPrescTable
    stm32f10x_spi.o(.text) refers to stm32f10x_rcc.o(.text) for RCC_APB2PeriphResetCmd
    stm32f10x_tim.o(.text) refers to stm32f10x_rcc.o(.text) for RCC_APB2PeriphResetCmd
    stm32f10x_usart.o(.text) refers to stm32f10x_rcc.o(.text) for RCC_APB2PeriphResetCmd
    stm32f10x_wwdg.o(.text) refers to stm32f10x_rcc.o(.text) for RCC_APB1PeriphResetCmd
    main.o(.text) refers to bsp_usart.o(.text) for USART_Config
    main.o(.text) refers to bsp_systick.o(.text) for SysTick_Init
    main.o(.text) refers to bsp_esp8266.o(.text) for ESP8266_Init
    main.o(.text) refers to bsp_dht11.o(.text) for DHT11_Init
    main.o(.text) refers to test.o(.text) for ESP8266_StaTcpClient_UnvarnishTest
    stm32f10x_it.o(.text) refers to bsp_systick.o(.text) for TimingDelay_Decrement
    stm32f10x_it.o(.text) refers to stm32f10x_usart.o(.text) for USART_GetITStatus
    stm32f10x_it.o(.text) refers to strstr.o(.text) for strstr
    stm32f10x_it.o(.text) refers to bsp_esp8266.o(.bss) for strEsp8266_Fram_Record
    stm32f10x_it.o(.text) refers to test.o(.data) for ucTcpClosedFlag
    bsp_led.o(.text) refers to stm32f10x_rcc.o(.text) for RCC_APB2PeriphClockCmd
    bsp_led.o(.text) refers to stm32f10x_gpio.o(.text) for GPIO_Init
    bsp_systick.o(.text) refers to system_stm32f10x.o(.data) for SystemCoreClock
    bsp_systick.o(.text) refers to bsp_systick.o(.data) for TimingDelay
    bsp_usart.o(.text) refers to stm32f10x_rcc.o(.text) for RCC_APB2PeriphClockCmd
    bsp_usart.o(.text) refers to stm32f10x_gpio.o(.text) for GPIO_Init
    bsp_usart.o(.text) refers to stm32f10x_usart.o(.text) for USART_Init
    fonts.o(.text) refers to bsp_spi_flash.o(.text) for SPI_FLASH_Init
    fonts.o(.text) refers to fonts.o(.data) for everRead
    fonts.o(.data) refers to fonts.o(.constdata) for ASCII8x16_Table
    bsp_spi_flash.o(.text) refers to stm32f10x_rcc.o(.text) for RCC_APB2PeriphClockCmd
    bsp_spi_flash.o(.text) refers to stm32f10x_gpio.o(.text) for GPIO_Init
    bsp_spi_flash.o(.text) refers to stm32f10x_spi.o(.text) for SPI_Init
    bsp_spi_flash.o(.text) refers to printfa.o(i.__0printf) for __2printf
    bsp_spi_flash.o(.text) refers to bsp_spi_flash.o(.data) for SPITimeout
    bsp_ili9341_lcd.o(.text) refers to stm32f10x_rcc.o(.text) for RCC_APB2PeriphClockCmd
    bsp_ili9341_lcd.o(.text) refers to stm32f10x_gpio.o(.text) for GPIO_Init
    bsp_ili9341_lcd.o(.text) refers to stm32f10x_fsmc.o(.text) for FSMC_NORSRAMInit
    bsp_ili9341_lcd.o(.text) refers to bsp_ili9341_lcd.o(i.ILI9341_Write_Cmd) for ILI9341_Write_Cmd
    bsp_ili9341_lcd.o(.text) refers to bsp_ili9341_lcd.o(i.ILI9341_Write_Data) for ILI9341_Write_Data
    bsp_ili9341_lcd.o(.text) refers to bsp_ili9341_lcd.o(i.ILI9341_Read_Data) for ILI9341_Read_Data
    bsp_ili9341_lcd.o(.text) refers to bsp_ili9341_lcd.o(.data) for LCD_SCAN_MODE
    bsp_ili9341_lcd.o(.text) refers to fonts.o(.text) for GetGBKCode_from_EXFlash
    bsp_ili9341_lcd.o(.text) refers to bsp_ili9341_lcd.o(.bss) for zoomTempBuff
    bsp_ili9341_lcd.o(.text) refers to fonts.o(.data) for Font16x24
    bsp_ili9341_lcd.o(.data) refers to fonts.o(.data) for Font8x16
    bsp_esp8266.o(.text) refers to misc.o(.text) for NVIC_PriorityGroupConfig
    bsp_esp8266.o(.text) refers to stm32f10x_rcc.o(.text) for RCC_APB1PeriphClockCmd
    bsp_esp8266.o(.text) refers to stm32f10x_gpio.o(.text) for GPIO_Init
[...]
    _printf_core                             0x08009799   Thumb Code  1744  printfa.o(i._printf_core)
    i._printf_post_padding                   0x08009e74   Section        0  printfa.o(i._printf_post_padding)
    _printf_post_padding                     0x08009e75   Thumb Code    36  printfa.o(i._printf_post_padding)
    i._printf_pre_padding                    0x08009e98   Section        0  printfa.o(i._printf_pre_padding)
    _printf_pre_padding                      0x08009e99   Thumb Code    46  printfa.o(i._printf_pre_padding)
    i._sputc                                 0x08009ec6   Section        0  printfa.o(i._sputc)
    _sputc                                   0x08009ec7   Thumb Code    10  printfa.o(i._sputc)
    i.internal_alloc                         0x08009ed0   Section        0  mallocr.o(i.internal_alloc)
    internal_alloc                           0x08009ed1   Thumb Code    76  mallocr.o(i.internal_alloc)
    i.realloc                                0x08009f20   Section        0  mallocr.o(i.realloc)
    i.strtod                                 0x08009f8c   Section        0  strtod.o(i.strtod)
    .constdata                               0x08009fa8   Section    15200  fonts.o(.constdata)
    .constdata                               0x0800db08   Section       56  ilconv.o(.constdata)
    .constdata                               0x0800db40   Section       64  ctype_c.o(.constdata)
    .conststring                             0x0800db80   Section      146  test.o(.conststring)
    .conststring                             0x0800dc14   Section       79  bigiot.o(.conststring)
    .conststring                             0x0800dc64   Section        5  ilconv.o(.conststring)
    .data                                    0x20000000   Section       20  system_stm32f10x.o(.data)
    .data                                    0x20000014   Section       20  stm32f10x_rcc.o(.data)
    APBAHBPrescTable                         0x20000014   Data          16  stm32f10x_rcc.o(.data)
    ADCPrescTable                            0x20000024   Data           4  stm32f10x_rcc.o(.data)
    .data                                    0x20000028   Section        4  bsp_systick.o(.data)
    TimingDelay                              0x20000028   Data           4  bsp_systick.o(.data)
    .data                                    0x2000002c   Section       25  fonts.o(.data)
    everRead                                 0x20000044   Data           1  fonts.o(.data)
    .data                                    0x20000048   Section        4  bsp_spi_flash.o(.data)
    SPITimeout                               0x20000048   Data           4  bsp_spi_flash.o(.data)
    .data                                    0x2000004c   Section       16  bsp_ili9341_lcd.o(.data)
    LCD_Currentfonts                         0x20000054   Data           4  bsp_ili9341_lcd.o(.data)
    CurrentTextColor                         0x20000058   Data           2  bsp_ili9341_lcd.o(.data)
    CurrentBackColor                         0x2000005a   Data           2  bsp_ili9341_lcd.o(.data)
    .data                                    0x2000005c   Section       40  test.o(.data)
    .data                                    0x20000084   Section        4  timer.o(.data)
    .data                                    0x20000088   Section       16  bh1750.o(.data)
    .data                                    0x20000098   Section       20  cjson.o(.data)
    global_error                             0x20000098   Data           8  cjson.o(.data)
    global_hooks                             0x200000a0   Data          12  cjson.o(.data)
    .data                                    0x200000ac   Section        4  stdout.o(.data)
    .data                                    0x200000b0   Section        4  mvars.o(.data)
    .data                                    0x200000b4   Section        4  mvars.o(.data)
    .bss                                     0x200000b8   Section    17408  bsp_ili9341_lcd.o(.bss)
    .bss                                     0x200044b8   Section     1026  bsp_esp8266.o(.bss)
    .bss                                     0x200048ba   Section      128  bigiot.o(.bss)
    .bss                                     0x2000493a   Section       15  cjson.o(.bss)
    version                                  0x2000493a   Data          15  cjson.o(.bss)
    HEAP                                     0x20004950   Section      512  startup_stm32f10x_hd.o(HEAP)
    STACK                                    0x20004b50   Section     1024  startup_stm32f10x_hd.o(STACK)

    Global Symbols

    Symbol Name                              Value     Ov Type        Size  Object(Section)

    BuildAttributes$$THM_ISAv4$P$D$K$B$S$PE$A:L22UL41UL21$X:L11$S22US41US21$IEEE1$IW$USESV6$~STKCKD$USESV7$~SHL$OTIME$ROPI$IEEEJ$EBA8$MICROLIB$REQ8$PRES8$EABIv2 0x00000000   Number         0  anon$$obj.o ABSOLUTE
    __ARM_use_no_argv                        0x00000000   Number         0  main.o ABSOLUTE
    _printf_a                                0x00000000   Number         0  stubs.o ABSOLUTE
    _printf_c                                0x00000000   Number         0  stubs.o ABSOLUTE
    _printf_charcount                        0x00000000   Number         0  stubs.o ABSOLUTE
    _printf_d                                0x00000000   Number         0  stubs.o ABSOLUTE
    _printf_e                                0x00000000   Number         0  stubs.o ABSOLUTE
    _printf_f                                0x00000000   Number         0  stubs.o ABSOLUTE
    _printf_flags                            0x00000000   Number         0  stubs.o ABSOLUTE
    _printf_fp_dec                           0x00000000   Number         0  stubs.o ABSOLUTE
    _printf_fp_hex                           0x00000000   Number         0  stubs.o ABSOLUTE
    _printf_g                                0x00000000   Number         0  stubs.o ABSOLUTE
    _printf_i                                0x00000000   Number         0  stubs.o ABSOLUTE
    _printf_int_dec                          0x00000000   Number         0  stubs.o ABSOLUTE
    _printf_l                                0x00000000   Number         0  stubs.o ABSOLUTE
    _printf_lc                               0x00000000   Number         0  stubs.o ABSOLUTE
    _printf_ll                               0x00000000   Number         0  stubs.o ABSOLUTE
    _printf_lld                              0x00000000   Number         0  stubs.o ABSOLUTE
    _printf_lli                              0x00000000   Number         0  stubs.o ABSOLUTE
    _printf_llo                              0x00000000   Number         0  stubs.o ABSOLUTE
    _printf_llu                              0x00000000   Number         0  stubs.o ABSOLUTE
    _printf_llx                              0x00000000   Number         0  stubs.o ABSOLUTE
    _printf_longlong_dec                     0x00000000   Number         0  stubs.o ABSOLUTE
    _printf_longlong_hex                     0x00000000   Number         0  stubs.o ABSOLUTE
    _printf_longlong_oct                     0x00000000   Number         0  stubs.o ABSOLUTE
    _printf_ls                               0x00000000   Number         0  stubs.o ABSOLUTE
    _printf_mbtowc                           0x00000000   Number         0  stubs.o ABSOLUTE
    _printf_n                                0x00000000   Number         0  stubs.o ABSOLUTE
    _printf_o                                0x00000000   Number         0  stubs.o ABSOLUTE
    _printf_p                                0x00000000   Number         0  stubs.o ABSOLUTE
    _printf_percent                          0x00000000   Number         0  stubs.o ABSOLUTE
    _printf_pre_padding                      0x00000000   Number         0  stubs.o ABSOLUTE
    _printf_return_value                     0x00000000   Number         0  stubs.o ABSOLUTE
    _printf_s                                0x00000000   Number         0  stubs.o ABSOLUTE
    _printf_sizespec                         0x00000000   Number         0  stubs.o ABSOLUTE
    _printf_str                              0x00000000   Number         0  stubs.o ABSOLUTE
    _printf_truncate_signed                  0x00000000   Number         0  stubs.o ABSOLUTE
    _printf_truncate_unsigned                0x00000000   Number         0  stubs.o ABSOLUTE
    _printf_u                                0x00000000   Number         0  stubs.o ABSOLUTE
    _printf_wc                               0x00000000   Number         0  stubs.o ABSOLUTE
    _printf_wctomb                           0x00000000   Number         0  stubs.o ABSOLUTE
    _printf_widthprec                        0x00000000   Number         0  stubs.o ABSOLUTE
    _printf_x                                0x00000000   Number         0  stubs.o ABSOLUTE
    __cpp_initialize__aeabi_                  - Undefined Weak Reference
    __cxa_finalize                            - Undefined Weak Reference
    __decompress                              - Undefined Weak Reference
    _clock_init                               - Undefined Weak Reference
    _microlib_exit                            - Undefined Weak Reference
    _scanf_int                                - Undefined Weak Reference
    _scanf_longlong                           - Undefined Weak Reference
    _scanf_string                             - Undefined Weak Reference
    __Vectors_Size                           0x00000130   Number         0  startup_stm32f10x_hd.o ABSOLUTE
    __Vectors                                0x08000000   Data           4  startup_stm32f10x_hd.o(RESET)
    __Vectors_End                            0x08000130   Data           0  startup_stm32f10x_hd.o(RESET)
    __main                                   0x08000131   Thumb Code     0  entry.o(.ARM.Collect$$$$00000000)
    _main_stk                                0x08000131   Thumb Code     0  entry2.o(.ARM.Collect$$$$00000001)
    _main_scatterload                        0x08000135   Thumb Code     0  entry5.o(.ARM.Collect$$$$00000004)
    __main_after_scatterload                 0x08000139   Thumb Code     0  entry5.o(.ARM.Collect$$$$00000004)
    _main_clock                              0x08000139   Thumb Code     0  entry7b.o(.ARM.Collect$$$$00000008)
    _main_cpp_init                           0x08000139   Thumb Code     0  entry8b.o(.ARM.Collect$$$$0000000A)
    _main_init                               0x08000139   Thumb Code     0  entry9a.o(.ARM.Collect$$$$0000000B)
    __rt_final_cpp                           0x08000141   Thumb Code     0  entry10a.o(.ARM.Collect$$$$0000000D)
    __rt_final_exit                          0x08000141   Thumb Code     0  entry11a.o(.ARM.Collect$$$$0000000F)
    Reset_Handler                            0x08000145   Thumb Code     8  startup_stm32f10x_hd.o(.text)
    ADC1_2_IRQHandler                        0x0800015f   Thumb Code     0  startup_stm32f10x_hd.o(.text)
    ADC3_IRQHandler                          0x0800015f   Thumb Code     0  startup_stm32f10x_hd.o(.text)
    CAN1_RX1_IRQHandler                      0x0800015f   Thumb Code     0  startup_stm32f10x_hd.o(.text)
    CAN1_SCE_IRQHandler                      0x0800015f   Thumb Code     0  startup_stm32f10x_hd.o(.text)
    DMA1_Channel1_IRQHandler                 0x0800015f   Thumb Code     0  startup_stm32f10x_hd.o(.text)
    DMA1_Channel2_IRQHandler                 0x0800015f   Thumb Code     0  startup_stm32f10x_hd.o(.text)
    DMA1_Channel3_IRQHandler                 0x0800015f   Thumb Code     0  startup_stm32f10x_hd.o(.text)
    DMA1_Channel4_IRQHandler                 0x0800015f   Thumb Code     0  startup_stm32f10x_hd.o(.text)
    DMA1_Channel5_IRQHandler                 0x0800015f   Thumb Code     0  startup_stm32f10x_hd.o(.text)
    DMA1_Channel6_IRQHandler                 0x0800015f   Thumb Code     0  startup_stm32f10x_hd.o(.text)
    DMA1_Channel7_IRQHandler                 0x0800015f   Thumb Code     0  startup_stm32f10x_hd.o(.text)
    DMA2_Channel1_IRQHandler                 0x0800015f   Thumb Code     0  startup_stm32f10x_hd.o(.text)
    DMA2_Channel2_IRQHandler                 0x0800015f   Thumb Code     0  startup_stm32f10x_hd.o(.text)
    DMA2_Channel3_IRQHandler                 0x0800015f   Thumb Code     0  startup_stm32f10x_hd.o(.text)
    DMA2_Channel4_5_IRQHandler               0x0800015f   Thumb Code     0  startup_stm32f10x_hd.o(.text)
    EXTI0_IRQHandler                         0x0800015f   Thumb Code     0  startup_stm32f10x_hd.o(.text)
    EXTI15_10_IRQHandler                     0x0800015f   Thumb Code     0  startup_stm32f10x_hd.o(.text)
    EXTI1_IRQHandler                         0x0800015f   Thumb Code     0  startup_stm32f10x_hd.o(.text)
    EXTI2_IRQHandler                         0x0800015f   Thumb Code     0  startup_stm32f10x_hd.o(.text)
    EXTI3_IRQHandler                         0x0800015f   Thumb Code     0  startup_stm32f10x_hd.o(.text)
    EXTI4_IRQHandler                         0x0800015f   Thumb Code     0  startup_stm32f10x_hd.o(.text)
    EXTI9_5_IRQHandler                       0x0800015f   Thumb Code     0  startup_stm32f10x_hd.o(.text)
    FLASH_IRQHandler                         0x0800015f   Thumb Code     0  startup_stm32f10x_hd.o(.text)
    FSMC_IRQHandler                          0x0800015f   Thumb Code     0  startup_stm32f10x_hd.o(.text)
    I2C1_ER_IRQHandler                       0x0800015f   Thumb Code     0  startup_stm32f10x_hd.o(.text)
    I2C1_EV_IRQHandler                       0x0800015f   Thumb Code     0  startup_stm32f10x_hd.o(.text)
    I2C2_ER_IRQHandler                       0x0800015f   Thumb Code     0  startup_stm32f10x_hd.o(.text)
    I2C2_EV_IRQHandler                       0x0800015f   Thumb Code     0  startup_stm32f10x_hd.o(.text)
    PVD_IRQHandler                           0x0800015f   Thumb Code     0  startup_stm32f10x_hd.o(.text)
    RCC_IRQHandler                           0x0800015f   Thumb Code     0  startup_stm32f10x_hd.o(.text)
    SDIO_IRQHandler                          0x0800015f   Thumb Code     0  startup_stm32f10x_hd.o(.text)
    SPI1_IRQHandler                          0x0800015f   Thumb Code     0  startup_stm32f10x_hd.o(.text)
    SPI2_IRQHandler                          0x0800015f   Thumb Code     0  startup_stm32f10x_hd.o(.text)
    SPI3_IRQHandler                          0x0800015f   Thumb Code     0  startup_stm32f10x_hd.o(.text)
    TAMPER_IRQHandler                        0x0800015f   Thumb Code     0  startup_stm32f10x_hd.o(.text)
    TIM1_BRK_IRQHandler                      0x0800015f   Thumb Code     0  startup_stm32f10x_hd.o(.text)
    TIM1_CC_IRQHandler                       0x0800015f   Thumb Code     0  startup_stm32f10x_hd.o(.text)
    TIM1_TRG_COM_IRQHandler                  0x0800015f   Thumb Code     0  startup_stm32f10x_hd.o(.text)
    TIM1_UP_IRQHandler                       0x0800015f   Thumb Code     0  startup_stm32f10x_hd.o(.text)
    TIM2_IRQHandler                          0x0800015f   Thumb Code     0  startup_stm32f10x_hd.o(.text)
    TIM4_IRQHandler                          0x0800015f   Thumb Code     0  startup_stm32f10x_hd.o(.text)
    TIM5_IRQHandler                          0x0800015f   Thumb Code     0  startup_stm32f10x_hd.o(.text)
    TIM6_IRQHandler                          0x0800015f   Thumb Code     0  startup_stm32f10x_hd.o(.text)
    TIM7_IRQHandler                          0x0800015f   Thumb Code     0  startup_stm32f10x_hd.o(.text)
    TIM8_BRK_IRQHandler                      0x0800015f   Thumb Code     0  startup_stm32f10x_hd.o(.text)
    TIM8_CC_IRQHandler                       0x0800015f   Thumb Code     0  startup_stm32f10x_hd.o(.text)
    TIM8_TRG_COM_IRQHandler                  0x0800015f   Thumb Code     0  startup_stm32f10x_hd.o(.text)
    TIM8_UP_IRQHandler                       0x0800015f   Thumb Code     0  startup_stm32f10x_hd.o(.text)
    UART4_IRQHandler                         0x0800015f   Thumb Code     0  startup_stm32f10x_hd.o(.text)
    UART5_IRQHandler                         0x0800015f   Thumb Code     0  startup_stm32f10x_hd.o(.text)
    USART1_IRQHandler                        0x0800015f   Thumb Code     0  startup_stm32f10x_hd.o(.text)
    USART2_IRQHandler                        0x0800015f   Thumb Code     0  startup_stm32f10x_hd.o(.text)
    USBWakeUp_IRQHandler                     0x0800015f   Thumb Code     0  startup_stm32f10x_hd.o(.text)
    USB_HP_CAN1_TX_IRQHandler                0x0800015f   Thumb Code     0  startup_stm32f10x_hd.o(.text)
    USB_LP_CAN1_RX0_IRQHandler               0x0800015f   Thumb Code     0  startup_stm32f10x_hd.o(.text)
    WWDG_IRQHandler                          0x0800015f   Thumb Code     0  startup_stm32f10x_hd.o(.text)
    SystemInit                               0x08000247   Thumb Code    78  system_stm32f10x.o(.text)
    SystemCoreClockUpdate                    0x08000295   Thumb Code   142  system_stm32f10x.o(.text)
    NVIC_PriorityGroupConfig                 0x08000349   Thumb Code    10  misc.o(.text)
    NVIC_Init                                0x08000353   Thumb Code   100  misc.o(.text)
    NVIC_SetVectorTable                      0x080003b7   Thumb Code    14  misc.o(.text)
    NVIC_SystemLPConfig                      0x080003c5   Thumb Code    34  misc.o(.text)
    SysTick_CLKSourceConfig                  0x080003e7   Thumb Code    40  misc.o(.text)
    BKP_DeInit                               0x08000425   Thumb Code    16  stm32f10x_bkp.o(.text)
    BKP_TamperPinLevelConfig                 0x08000435   Thumb Code     6  stm32f10x_bkp.o(.text)
    BKP_TamperPinCmd                         0x0800043b   Thumb Code     8  stm32f10x_bkp.o(.text)
    BKP_ITConfig                             0x08000443   Thumb Code     8  stm32f10x_bkp.o(.text)
    BKP_RTCOutputConfig                      0x0800044b   Thumb Code    22  stm32f10x_bkp.o(.text)
    BKP_SetRTCCalibrationValue               0x08000461   Thumb Code    22  stm32f10x_bkp.o(.text)
    BKP_WriteBackupRegister                  0x08000477   Thumb Code    24  stm32f10x_bkp.o(.text)
    BKP_ReadBackupRegister                   0x0800048f   Thumb Code    26  stm32f10x_bkp.o(.text)
    BKP_GetFlagStatus                        0x080004a9   Thumb Code    10  stm32f10x_bkp.o(.text)
    BKP_ClearFlag                            0x080004b3   Thumb Code    18  stm32f10x_bkp.o(.text)
    BKP_GetITStatus                          0x080004c5   Thumb Code    10  stm32f10x_bkp.o(.text)
    BKP_ClearITPendingBit                    0x080004cf   Thumb Code    18  stm32f10x_bkp.o(.text)
    EXTI_DeInit                              0x080004e9   Thumb Code    28  stm32f10x_exti.o(.text)
    EXTI_Init                                0x08000505   Thumb Code   142  stm32f10x_exti.o(.text)
    EXTI_StructInit                          0x08000593   Thumb Code    16  stm32f10x_exti.o(.text)
    EXTI_GenerateSWInterrupt                 0x080005a3   Thumb Code    16  stm32f10x_exti.o(.text)
    EXTI_GetFlagStatus                       0x080005b3   Thumb Code    22  stm32f10x_exti.o(.text)
    EXTI_ClearFlag                           0x080005c9   Thumb Code     8  stm32f10x_exti.o(.text)
    EXTI_GetITStatus                         0x080005d1   Thumb Code    34  stm32f10x_exti.o(.text)
    EXTI_ClearITPendingBit                   0x080005f3   Thumb Code     8  stm32f10x_exti.o(.text)
    FSMC_NORSRAMDeInit                       0x08000605   Thumb Code    54  stm32f10x_fsmc.o(.text)
    FSMC_NANDDeInit                          0x0800063b   Thumb Code    62  stm32f10x_fsmc.o(.text)
    FSMC_PCCARDDeInit                        0x08000679   Thumb Code    36  stm32f10x_fsmc.o(.text)
    FSMC_NORSRAMInit                         0x0800069d   Thumb Code   230  stm32f10x_fsmc.o(.text)
    FSMC_NANDInit                            0x08000783   Thumb Code   132  stm32f10x_fsmc.o(.text)
    FSMC_PCCARDInit                          0x08000807   Thumb Code   130  stm32f10x_fsmc.o(.text)
    FSMC_NORSRAMStructInit                   0x08000889   Thumb Code   114  stm32f10x_fsmc.o(.text)
    FSMC_NANDStructInit                      0x080008fb   Thumb Code    54  stm32f10x_fsmc.o(.text)
    FSMC_PCCARDStructInit                    0x08000931   Thumb Code    60  stm32f10x_fsmc.o(.text)
    FSMC_NORSRAMCmd                          0x0800096d   Thumb Code    46  stm32f10x_fsmc.o(.text)
    FSMC_NANDCmd                             0x0800099b   Thumb Code    86  stm32f10x_fsmc.o(.text)
    FSMC_PCCARDCmd                           0x080009f1   Thumb Code    44  stm32f10x_fsmc.o(.text)
    FSMC_NANDECCCmd                          0x08000a1d   Thumb Code    90  stm32f10x_fsmc.o(.text)
    FSMC_GetECC                              0x08000a77   Thumb Code    24  stm32f10x_fsmc.o(.text)
    FSMC_ITConfig                            0x08000a8f   Thumb Code   128  stm32f10x_fsmc.o(.text)
    FSMC_GetFlagStatus                       0x08000b0f   Thumb Code    54  stm32f10x_fsmc.o(.text)
    FSMC_ClearFlag                           0x08000b45   Thumb Code    62  stm32f10x_fsmc.o(.text)
    FSMC_GetITStatus                         0x08000b83   Thumb Code    64  stm32f10x_fsmc.o(.text)
    FSMC_ClearITPendingBit                   0x08000bc3   Thumb Code    68  stm32f10x_fsmc.o(.text)
    GPIO_DeInit                              0x08000c11   Thumb Code   172  stm32f10x_gpio.o(.text)
    GPIO_AFIODeInit                          0x08000cbd   Thumb Code    20  stm32f10x_gpio.o(.text)
    GPIO_Init                                0x08000cd1   Thumb Code   278  stm32f10x_gpio.o(.text)
    GPIO_StructInit                          0x08000de7   Thumb Code    16  stm32f10x_gpio.o(.text)
    GPIO_ReadInputDataBit                    0x08000df7   Thumb Code    18  stm32f10x_gpio.o(.text)
    GPIO_ReadInputData                       0x08000e09   Thumb Code     8  stm32f10x_gpio.o(.text)
    GPIO_ReadOutputDataBit                   0x08000e11   Thumb Code    18  stm32f10x_gpio.o(.text)
    GPIO_ReadOutputData                      0x08000e23   Thumb Code     8  stm32f10x_gpio.o(.text)
    GPIO_SetBits                             0x08000e2b   Thumb Code     4  stm32f10x_gpio.o(.text)
    GPIO_ResetBits                           0x08000e2f   Thumb Code     4  stm32f10x_gpio.o(.text)
    GPIO_WriteBit                            0x08000e33   Thumb Code    10  stm32f10x_gpio.o(.text)
    GPIO_Write                               0x08000e3d   Thumb Code     4  stm32f10x_gpio.o(.text)
    GPIO_PinLockConfig                       0x08000e41   Thumb Code    18  stm32f10x_gpio.o(.text)
    GPIO_EventOutputConfig                   0x08000e53   Thumb Code    26  stm32f10x_gpio.o(.text)
    GPIO_EventOutputCmd                      0x08000e6d   Thumb Code     6  stm32f10x_gpio.o(.text)
    GPIO_PinRemapConfig                      0x08000e73   Thumb Code   138  stm32f10x_gpio.o(.text)
    GPIO_EXTILineConfig                      0x08000efd   Thumb Code    66  stm32f10x_gpio.o(.text)
    GPIO_ETH_MediaInterfaceConfig            0x08000f3f   Thumb Code     8  stm32f10x_gpio.o(.text)
    PWR_DeInit                               0x08000f6d   Thumb Code    22  stm32f10x_pwr.o(.text)
    PWR_BackupAccessCmd                      0x08000f83   Thumb Code     6  stm32f10x_pwr.o(.text)
    PWR_PVDCmd                               0x08000f89   Thumb Code     6  stm32f10x_pwr.o(.text)
    PWR_PVDLevelConfig                       0x08000f8f   Thumb Code    18  stm32f10x_pwr.o(.text)
    PWR_WakeUpPinCmd                         0x08000fa1   Thumb Code     8  stm32f10x_pwr.o(.text)
    PWR_EnterSTOPMode                        0x08000fa9   Thumb Code    54  stm32f10x_pwr.o(.text)
    PWR_EnterSTANDBYMode                     0x08000fdf   Thumb Code    42  stm32f10x_pwr.o(.text)
    PWR_GetFlagStatus                        0x08001009   Thumb Code    20  stm32f10x_pwr.o(.text)
    PWR_ClearFlag                            0x0800101d   Thumb Code    14  stm32f10x_pwr.o(.text)
    RCC_DeInit                               0x08001039   Thumb Code    64  stm32f10x_rcc.o(.text)
    RCC_HSEConfig                            0x08001079   Thumb Code    70  stm32f10x_rcc.o(.text)
    RCC_GetFlagStatus                        0x080010bf   Thumb Code    56  stm32f10x_rcc.o(.text)
    RCC_WaitForHSEStartUp                    0x080010f7   Thumb Code    56  stm32f10x_rcc.o(.text)
    RCC_AdjustHSICalibrationValue            0x0800112f   Thumb Code    20  stm32f10x_rcc.o(.text)
    RCC_HSICmd                               0x08001143   Thumb Code     6  stm32f10x_rcc.o(.text)
    RCC_PLLConfig                            0x08001149   Thumb Code    24  stm32f10x_rcc.o(.text)
    RCC_PLLCmd                               0x08001161   Thumb Code     6  stm32f10x_rcc.o(.text)
    RCC_SYSCLKConfig                         0x08001167   Thumb Code    18  stm32f10x_rcc.o(.text)
    RCC_GetSYSCLKSource                      0x08001179   Thumb Code    10  stm32f10x_rcc.o(.text)
    RCC_HCLKConfig                           0x08001183   Thumb Code    18  stm32f10x_rcc.o(.text)
    RCC_PCLK1Config                          0x08001195   Thumb Code    18  stm32f10x_rcc.o(.text)
    RCC_PCLK2Config                          0x080011a7   Thumb Code    20  stm32f10x_rcc.o(.text)
    RCC_ITConfig                             0x080011bb   Thumb Code    26  stm32f10x_rcc.o(.text)
    RCC_USBCLKConfig                         0x080011d5   Thumb Code     8  stm32f10x_rcc.o(.text)
    RCC_ADCCLKConfig                         0x080011dd   Thumb Code    18  stm32f10x_rcc.o(.text)
    RCC_LSEConfig                            0x080011ef   Thumb Code    50  stm32f10x_rcc.o(.text)
    RCC_LSICmd                               0x08001221   Thumb Code     6  stm32f10x_rcc.o(.text)
    RCC_RTCCLKConfig                         0x08001227   Thumb Code    12  stm32f10x_rcc.o(.text)
    RCC_RTCCLKCmd                            0x08001233   Thumb Code     8  stm32f10x_rcc.o(.text)
    RCC_GetClocksFreq                        0x0800123b   Thumb Code   192  stm32f10x_rcc.o(.text)
    RCC_AHBPeriphClockCmd                    0x080012fb   Thumb Code    26  stm32f10x_rcc.o(.text)
    RCC_APB2PeriphClockCmd                   0x08001315   Thumb Code    26  stm32f10x_rcc.o(.text)
    RCC_APB1PeriphClockCmd                   0x0800132f   Thumb Code    26  stm32f10x_rcc.o(.text)
    RCC_APB2PeriphResetCmd                   0x08001349   Thumb Code    26  stm32f10x_rcc.o(.text)
    RCC_APB1PeriphResetCmd                   0x08001363   Thumb Code    26  stm32f10x_rcc.o(.text)
    RCC_BackupResetCmd                       0x0800137d   Thumb Code     8  stm32f10x_rcc.o(.text)
    RCC_ClockSecuritySystemCmd               0x08001385   Thumb Code     6  stm32f10x_rcc.o(.text)
    RCC_MCOConfig                            0x0800138b   Thumb Code     6  stm32f10x_rcc.o(.text)
    RCC_ClearFlag                            0x08001391   Thumb Code    14  stm32f10x_rcc.o(.text)
    RCC_GetITStatus                          0x0800139f   Thumb Code    20  stm32f10x_rcc.o(.text)
    RCC_ClearITPendingBit                    0x080013b3   Thumb Code     6  stm32f10x_rcc.o(.text)
    RTC_ITConfig                             0x080013dd   Thumb Code    26  stm32f10x_rtc.o(.text)
    RTC_EnterConfigMode                      0x080013f7   Thumb Code    18  stm32f10x_rtc.o(.text)
    RTC_ExitConfigMode                       0x08001409   Thumb Code    20  stm32f10x_rtc.o(.text)
    RTC_GetCounter                           0x0800141d   Thumb Code    18  stm32f10x_rtc.o(.text)
    RTC_SetCounter                           0x0800142f   Thumb Code    26  stm32f10x_rtc.o(.text)
    RTC_SetPrescaler                         0x08001449   Thumb Code    28  stm32f10x_rtc.o(.text)
    RTC_SetAlarm                             0x08001465   Thumb Code    26  stm32f10x_rtc.o(.text)
    RTC_GetDivider                           0x0800147f   Thumb Code    22  stm32f10x_rtc.o(.text)
    RTC_WaitForLastTask                      0x08001495   Thumb Code    18  stm32f10x_rtc.o(.text)
    RTC_WaitForSynchro                       0x080014a7   Thumb Code    36  stm32f10x_rtc.o(.text)
    RTC_GetFlagStatus                        0x080014cb   Thumb Code    22  stm32f10x_rtc.o(.text)
    RTC_ClearFlag                            0x080014e1   Thumb Code    16  stm32f10x_rtc.o(.text)
    RTC_GetITStatus                          0x080014f1   Thumb Code    32  stm32f10x_rtc.o(.text)
    RTC_ClearITPendingBit                    0x08001511   Thumb Code    16  stm32f10x_rtc.o(.text)
    SPI_I2S_DeInit                           0x08001525   Thumb Code    76  stm32f10x_spi.o(.text)
    SPI_Init                                 0x08001571   Thumb Code    60  stm32f10x_spi.o(.text)
    I2S_Init                                 0x080015ad   Thumb Code   226  stm32f10x_spi.o(.text)
    SPI_StructInit                           0x0800168f   Thumb Code    24  stm32f10x_spi.o(.text)
    I2S_StructInit                           0x080016a7   Thumb Code    20  stm32f10x_spi.o(.text)
    SPI_Cmd                                  0x080016bb   Thumb Code    24  stm32f10x_spi.o(.text)
    I2S_Cmd                                  0x080016d3   Thumb Code    24  stm32f10x_spi.o(.text)
    SPI_I2S_ITConfig                         0x080016eb   Thumb Code    32  stm32f10x_spi.o(.text)
    SPI_I2S_DMACmd                           0x0800170b   Thumb Code    18  stm32f10x_spi.o(.text)
    SPI_I2S_SendData                         0x0800171d   Thumb Code     4  stm32f10x_spi.o(.text)
    SPI_I2S_ReceiveData                      0x08001721   Thumb Code     6  stm32f10x_spi.o(.text)
    SPI_NSSInternalSoftwareConfig            0x08001727   Thumb Code    30  stm32f10x_spi.o(.text)
    SPI_SSOutputCmd                          0x08001745   Thumb Code    24  stm32f10x_spi.o(.text)
    SPI_DataSizeConfig                       0x0800175d   Thumb Code    18  stm32f10x_spi.o(.text)
    SPI_TransmitCRC                          0x0800176f   Thumb Code    10  stm32f10x_spi.o(.text)
    SPI_CalculateCRC                         0x08001779   Thumb Code    24  stm32f10x_spi.o(.text)
    SPI_GetCRC                               0x08001791   Thumb Code    16  stm32f10x_spi.o(.text)
    SPI_GetCRCPolynomial                     0x080017a1   Thumb Code     6  stm32f10x_spi.o(.text)
    SPI_BiDirectionalLineConfig              0x080017a7   Thumb Code    28  stm32f10x_spi.o(.text)
    SPI_I2S_GetFlagStatus                    0x080017c3   Thumb Code    18  stm32f10x_spi.o(.text)
    SPI_I2S_ClearFlag                        0x080017d5   Thumb Code     6  stm32f10x_spi.o(.text)
    SPI_I2S_GetITStatus                      0x080017db   Thumb Code    52  stm32f10x_spi.o(.text)
    SPI_I2S_ClearITPendingBit                0x0800180f   Thumb Code    20  stm32f10x_spi.o(.text)
    TIM_DeInit                               0x08001831   Thumb Code   424  stm32f10x_tim.o(.text)
    TIM_TimeBaseInit                         0x080019d9   Thumb Code   122  stm32f10x_tim.o(.text)
    TIM_OC1Init                              0x08001a53   Thumb Code   132  stm32f10x_tim.o(.text)
    TIM_OC2Init                              0x08001ad7   Thumb Code   154  stm32f10x_tim.o(.text)
    TIM_OC3Init                              0x08001b71   Thumb Code   150  stm32f10x_tim.o(.text)
    TIM_OC4Init                              0x08001c07   Thumb Code   182  stm32f10x_tim.o(.text)
    TIM_SetIC4Prescaler                      0x08001cbd   Thumb Code    26  stm32f10x_tim.o(.text)
    TIM_SetIC3Prescaler                      0x08001d59   Thumb Code    18  stm32f10x_tim.o(.text)
    TIM_SetIC2Prescaler                      0x08001de5   Thumb Code    26  stm32f10x_tim.o(.text)
    TIM_SetIC1Prescaler                      0x08001e81   Thumb Code    18  stm32f10x_tim.o(.text)
    TIM_ICInit                               0x08001eff   Thumb Code   150  stm32f10x_tim.o(.text)
    TIM_PWMIConfig                           0x08001f95   Thumb Code   124  stm32f10x_tim.o(.text)
    TIM_BDTRConfig                           0x08002011   Thumb Code    32  stm32f10x_tim.o(.text)
    TIM_TimeBaseStructInit                   0x08002031   Thumb Code    18  stm32f10x_tim.o(.text)
    TIM_OCStructInit                         0x08002043   Thumb Code    20  stm32f10x_tim.o(.text)
    TIM_ICStructInit                         0x08002057   Thumb Code    18  stm32f10x_tim.o(.text)
    TIM_BDTRStructInit                       0x08002069   Thumb Code    40  stm32f10x_tim.o(.text)
    TIM_Cmd                                  0x08002091   Thumb Code    24  stm32f10x_tim.o(.text)
    TIM_CtrlPWMOutputs                       0x080020a9   Thumb Code    30  stm32f10x_tim.o(.text)
    TIM_ITConfig                             0x080020c7   Thumb Code    18  stm32f10x_tim.o(.text)
    TIM_GenerateEvent                        0x080020d9   Thumb Code     4  stm32f10x_tim.o(.text)
    TIM_DMAConfig                            0x080020dd   Thumb Code    10  stm32f10x_tim.o(.text)
    TIM_DMACmd                               0x080020e7   Thumb Code    18  stm32f10x_tim.o(.text)
    TIM_InternalClockConfig                  0x080020f9   Thumb Code    12  stm32f10x_tim.o(.text)
    TIM_SelectInputTrigger                   0x08002105   Thumb Code    18  stm32f10x_tim.o(.text)
    TIM_ITRxExternalClockConfig              0x08002117   Thumb Code    24  stm32f10x_tim.o(.text)
    TIM_TIxExternalClockConfig               0x0800212f   Thumb Code    62  stm32f10x_tim.o(.text)
    TIM_ETRConfig                            0x0800216d   Thumb Code    28  stm32f10x_tim.o(.text)
    TIM_ETRClockMode1Config                  0x08002189   Thumb Code    54  stm32f10x_tim.o(.text)
    TIM_ETRClockMode2Config                  0x080021bf   Thumb Code    32  stm32f10x_tim.o(.text)
    TIM_PrescalerConfig                      0x080021df   Thumb Code     6  stm32f10x_tim.o(.text)
    TIM_CounterModeConfig                    0x080021e5   Thumb Code    18  stm32f10x_tim.o(.text)
    TIM_EncoderInterfaceConfig               0x080021f7   Thumb Code    66  stm32f10x_tim.o(.text)
    TIM_ForcedOC1Config                      0x08002239   Thumb Code    18  stm32f10x_tim.o(.text)
    TIM_ForcedOC2Config                      0x0800224b   Thumb Code    26  stm32f10x_tim.o(.text)
    TIM_ForcedOC3Config                      0x08002265   Thumb Code    18  stm32f10x_tim.o(.text)
    TIM_ForcedOC4Config                      0x08002277   Thumb Code    26  stm32f10x_tim.o(.text)
    TIM_ARRPreloadConfig                     0x08002291   Thumb Code    24  stm32f10x_tim.o(.text)
    TIM_SelectCOM                            0x080022a9   Thumb Code    24  stm32f10x_tim.o(.text)
    TIM_SelectCCDMA                          0x080022c1   Thumb Code    24  stm32f10x_tim.o(.text)
    TIM_CCPreloadControl                     0x080022d9   Thumb Code    24  stm32f10x_tim.o(.text)
    TIM_OC1PreloadConfig                     0x080022f1   Thumb Code    18  stm32f10x_tim.o(.text)
    TIM_OC2PreloadConfig                     0x08002303   Thumb Code    26  stm32f10x_tim.o(.text)
    TIM_OC3PreloadConfig                     0x0800231d   Thumb Code    18  stm32f10x_tim.o(.text)
    TIM_OC4PreloadConfig                     0x0800232f   Thumb Code    26  stm32f10x_tim.o(.text)
    TIM_OC1FastConfig                        0x08002349   Thumb Code    18  stm32f10x_tim.o(.text)
    TIM_OC2FastConfig                        0x0800235b   Thumb Code    26  stm32f10x_tim.o(.text)
    TIM_OC3FastConfig                        0x08002375   Thumb Code    18  stm32f10x_tim.o(.text)
    TIM_OC4FastConfig                        0x08002387   Thumb Code    26  stm32f10x_tim.o(.text)
    TIM_ClearOC1Ref                          0x080023a1   Thumb Code    18  stm32f10x_tim.o(.text)
    TIM_ClearOC2Ref                          0x080023b3   Thumb Code    24  stm32f10x_tim.o(.text)
    TIM_ClearOC3Ref                          0x080023cb   Thumb Code    18  stm32f10x_tim.o(.text)
    TIM_ClearOC4Ref                          0x080023dd   Thumb Code    24  stm32f10x_tim.o(.text)
    TIM_OC1PolarityConfig                    0x080023f5   Thumb Code    18  stm32f10x_tim.o(.text)
    TIM_OC1NPolarityConfig                   0x08002407   Thumb Code    18  stm32f10x_tim.o(.text)
    TIM_OC2PolarityConfig                    0x08002419   Thumb Code    26  stm32f10x_tim.o(.text)
    TIM_OC2NPolarityConfig                   0x08002433   Thumb Code    26  stm32f10x_tim.o(.text)
    TIM_OC3PolarityConfig                    0x0800244d   Thumb Code    26  stm32f10x_tim.o(.text)
    TIM_OC3NPolarityConfig                   0x08002467   Thumb Code    26  stm32f10x_tim.o(.text)
    TIM_OC4PolarityConfig                    0x08002481   Thumb Code    26  stm32f10x_tim.o(.text)
    TIM_CCxCmd                               0x0800249b   Thumb Code    30  stm32f10x_tim.o(.text)
    TIM_CCxNCmd                              0x080024b9   Thumb Code    30  stm32f10x_tim.o(.text)
    TIM_SelectOCxM                           0x080024d7   Thumb Code    82  stm32f10x_tim.o(.text)
    TIM_UpdateDisableConfig                  0x08002529   Thumb Code    24  stm32f10x_tim.o(.text)
    TIM_UpdateRequestConfig                  0x08002541   Thumb Code    24  stm32f10x_tim.o(.text)
    TIM_SelectHallSensor                     0x08002559   Thumb Code    24  stm32f10x_tim.o(.text)
    TIM_SelectOnePulseMode                   0x08002571   Thumb Code    18  stm32f10x_tim.o(.text)
    TIM_SelectOutputTrigger                  0x08002583   Thumb Code    18  stm32f10x_tim.o(.text)
    TIM_SelectSlaveMode                      0x08002595   Thumb Code    18  stm32f10x_tim.o(.text)
    TIM_SelectMasterSlaveMode                0x080025a7   Thumb Code    18  stm32f10x_tim.o(.text)
    TIM_SetCounter                           0x080025b9   Thumb Code     4  stm32f10x_tim.o(.text)
    TIM_SetAutoreload                        0x080025bd   Thumb Code     4  stm32f10x_tim.o(.text)
    TIM_SetCompare1                          0x080025c1   Thumb Code     4  stm32f10x_tim.o(.text)
    TIM_SetCompare2                          0x080025c5   Thumb Code     4  stm32f10x_tim.o(.text)
    TIM_SetCompare3                          0x080025c9   Thumb Code     4  stm32f10x_tim.o(.text)
    TIM_SetCompare4                          0x080025cd   Thumb Code     6  stm32f10x_tim.o(.text)
    TIM_SetClockDivision                     0x080025d3   Thumb Code    18  stm32f10x_tim.o(.text)
    TIM_GetCapture1                          0x080025e5   Thumb Code     6  stm32f10x_tim.o(.text)
    TIM_GetCapture2                          0x080025eb   Thumb Code     6  stm32f10x_tim.o(.text)
    TIM_GetCapture3                          0x080025f1   Thumb Code     6  stm32f10x_tim.o(.text)
    TIM_GetCapture4                          0x080025f7   Thumb Code     8  stm32f10x_tim.o(.text)
    TIM_GetCounter                           0x080025ff   Thumb Code     6  stm32f10x_tim.o(.text)
    TIM_GetPrescaler                         0x08002605   Thumb Code     6  stm32f10x_tim.o(.text)
    TIM_GetFlagStatus                        0x0800260b   Thumb Code    18  stm32f10x_tim.o(.text)
    TIM_ClearFlag                            0x0800261d   Thumb Code     6  stm32f10x_tim.o(.text)
    TIM_GetITStatus                          0x08002623   Thumb Code    34  stm32f10x_tim.o(.text)
    TIM_ClearITPendingBit                    0x08002645   Thumb Code     6  stm32f10x_tim.o(.text)
    USART_DeInit                             0x0800264d   Thumb Code   134  stm32f10x_usart.o(.text)
    USART_Init                               0x080026d3   Thumb Code   210  stm32f10x_usart.o(.text)
    USART_StructInit                         0x080027a5   Thumb Code    24  stm32f10x_usart.o(.text)
    USART_ClockInit                          0x080027bd   Thumb Code    34  stm32f10x_usart.o(.text)
    USART_ClockStructInit                    0x080027df   Thumb Code    12  stm32f10x_usart.o(.text)
    USART_Cmd                                0x080027eb   Thumb Code    24  stm32f10x_usart.o(.text)
    USART_ITConfig                           0x08002803   Thumb Code    74  stm32f10x_usart.o(.text)
    USART_DMACmd                             0x0800284d   Thumb Code    18  stm32f10x_usart.o(.text)
    USART_SetAddress                         0x0800285f   Thumb Code    18  stm32f10x_usart.o(.text)
    USART_WakeUpConfig                       0x08002871   Thumb Code    18  stm32f10x_usart.o(.text)
    USART_ReceiverWakeUpCmd                  0x08002883   Thumb Code    24  stm32f10x_usart.o(.text)
    USART_LINBreakDetectLengthConfig         0x0800289b   Thumb Code    18  stm32f10x_usart.o(.text)
    USART_LINCmd                             0x080028ad   Thumb Code    24  stm32f10x_usart.o(.text)
    USART_SendData                           0x080028c5   Thumb Code     8  stm32f10x_usart.o(.text)
    USART_ReceiveData                        0x080028cd   Thumb Code    10  stm32f10x_usart.o(.text)
    USART_SendBreak                          0x080028d7   Thumb Code    10  stm32f10x_usart.o(.text)
    USART_SetGuardTime                       0x080028e1   Thumb Code    16  stm32f10x_usart.o(.text)
    USART_SetPrescaler                       0x080028f1   Thumb Code    16  stm32f10x_usart.o(.text)
    USART_SmartCardCmd                       0x08002901   Thumb Code    24  stm32f10x_usart.o(.text)
    USART_SmartCardNACKCmd                   0x08002919   Thumb Code    24  stm32f10x_usart.o(.text)
    USART_HalfDuplexCmd                      0x08002931   Thumb Code    24  stm32f10x_usart.o(.text)
    USART_OverSampling8Cmd                   0x08002949   Thumb Code    22  stm32f10x_usart.o(.text)
    USART_OneBitMethodCmd                    0x0800295f   Thumb Code    24  stm32f10x_usart.o(.text)
    USART_IrDAConfig                         0x08002977   Thumb Code    18  stm32f10x_usart.o(.text)
    USART_IrDACmd                            0x08002989   Thumb Code    24  stm32f10x_usart.o(.text)
    USART_GetFlagStatus                      0x080029a1   Thumb Code    26  stm32f10x_usart.o(.text)
    USART_ClearFlag                          0x080029bb   Thumb Code    18  stm32f10x_usart.o(.text)
    USART_GetITStatus                        0x080029cd   Thumb Code    84  stm32f10x_usart.o(.text)
    USART_ClearITPendingBit                  0x08002a21   Thumb Code    52  stm32f10x_usart.o(.text)
    main                                     0x08002a55   Thumb Code    24  main.o(.text)
    NMI_Handler                              0x08002a6d   Thumb Code     2  stm32f10x_it.o(.text)
    HardFault_Handler                        0x08002a6f   Thumb Code     4  stm32f10x_it.o(.text)
    MemManage_Handler                        0x08002a73   Thumb Code     4  stm32f10x_it.o(.text)
    BusFault_Handler                         0x08002a77   Thumb Code     4  stm32f10x_it.o(.text)
    UsageFault_Handler                       0x08002a7b   Thumb Code     4  stm32f10x_it.o(.text)
    SVC_Handler                              0x08002a7f   Thumb Code     2  stm32f10x_it.o(.text)
    DebugMon_Handler                         0x08002a81   Thumb Code     2  stm32f10x_it.o(.text)
    PendSV_Handler                           0x08002a83   Thumb Code     2  stm32f10x_it.o(.text)
    SysTick_Handler                          0x08002a85   Thumb Code     8  stm32f10x_it.o(.text)
    USART3_IRQHandler                        0x08002a8d   Thumb Code   134  stm32f10x_it.o(.text)
    LED_GPIO_Config                          0x08002b2d   Thumb Code    90  bsp_led.o(.text)
    SysTick_Init                             0x08002b8d   Thumb Code   106  bsp_systick.o(.text)
    Delay_us                                 0x08002bf7   Thumb Code    36  bsp_systick.o(.text)
    TimingDelay_Decrement                    0x08002c1b   Thumb Code    18  bsp_systick.o(.text)
    USART_Config                             0x08002c41   Thumb Code   120  bsp_usart.o(.text)
    fputc                                    0x08002cb9   Thumb Code    32  bsp_usart.o(.text)
    fgetc                                    0x08002cd9   Thumb Code    26  bsp_usart.o(.text)
    GetGBKCode_from_EXFlash                  0x08002cfd   Thumb Code    74  fonts.o(.text)
    SPI_FLASH_Init                           0x08002d51   Thumb Code   178  bsp_spi_flash.o(.text)
    SPI_FLASH_SendByte                       0x08002e13   Thumb Code   110  bsp_spi_flash.o(.text)
    SPI_FLASH_WaitForWriteEnd                0x08002e81   Thumb Code    46  bsp_spi_flash.o(.text)
    SPI_FLASH_WriteEnable                    0x08002eaf   Thumb Code    26  bsp_spi_flash.o(.text)
    SPI_FLASH_SectorErase                    0x08002ec9   Thumb Code    62  bsp_spi_flash.o(.text)
    SPI_FLASH_BulkErase                      0x08002f07   Thumb Code    34  bsp_spi_flash.o(.text)
    SPI_FLASH_PageWrite                      0x08002f29   Thumb Code    98  bsp_spi_flash.o(.text)
    SPI_FLASH_BufferWrite                    0x08002f8b   Thumb Code   290  bsp_spi_flash.o(.text)
    SPI_FLASH_BufferRead                     0x080030ad   Thumb Code    76  bsp_spi_flash.o(.text)
    SPI_FLASH_ReadID                         0x080030f9   Thumb Code    74  bsp_spi_flash.o(.text)
    SPI_FLASH_ReadDeviceID                   0x08003143   Thumb Code   174  bsp_spi_flash.o(.text)
    SPI_FLASH_StartReadSequence              0x080031f1   Thumb Code    42  bsp_spi_flash.o(.text)
    SPI_FLASH_ReadByte                       0x0800321b   Thumb Code    10  bsp_spi_flash.o(.text)
    SPI_FLASH_SendHalfWord                   0x08003225   Thumb Code   104  bsp_spi_flash.o(.text)
    SPI_Flash_PowerDown                      0x0800328d   Thumb Code    26  bsp_spi_flash.o(.text)
    SPI_Flash_WAKEUP                         0x080032a7   Thumb Code    26  bsp_spi_flash.o(.text)
    ILI9341_GramScan                         0x08003705   Thumb Code   172  bsp_ili9341_lcd.o(.text)
    ILI9341_Rst                              0x080037b1   Thumb Code    36  bsp_ili9341_lcd.o(.text)
    ILI9341_BackLed_Control                  0x080037d5   Thumb Code    30  bsp_ili9341_lcd.o(.text)
    ILI9341_Init                             0x080037f3   Thumb Code    34  bsp_ili9341_lcd.o(.text)
    ILI9341_OpenWindow                       0x08003815   Thumb Code    96  bsp_ili9341_lcd.o(.text)
    ILI9341_Clear                            0x080038a9   Thumb Code    40  bsp_ili9341_lcd.o(.text)
    ILI9341_SetPointPixel                    0x080038d1   Thumb Code    42  bsp_ili9341_lcd.o(.text)
    ILI9341_GetPointPixel                    0x08003931   Thumb Code    24  bsp_ili9341_lcd.o(.text)
    ILI9341_DrawLine                         0x08003949   Thumb Code   160  bsp_ili9341_lcd.o(.text)
    ILI9341_DrawRectangle                    0x080039e9   Thumb Code   132  bsp_ili9341_lcd.o(.text)
    ILI9341_DrawCircle                       0x08003a6d   Thumb Code   344  bsp_ili9341_lcd.o(.text)
    ILI9341_DispChar_EN                      0x08003bc5   Thumb Code   138  bsp_ili9341_lcd.o(.text)
    ILI9341_DispStringLine_EN                0x08003c4f   Thumb Code    92  bsp_ili9341_lcd.o(.text)
    ILI9341_DispString_EN                    0x08003cab   Thumb Code    92  bsp_ili9341_lcd.o(.text)
    ILI9341_DispString_EN_YDir               0x08003d07   Thumb Code    92  bsp_ili9341_lcd.o(.text)
    ILI9341_DispChar_CH                      0x08003d63   Thumb Code   122  bsp_ili9341_lcd.o(.text)
    ILI9341_DispString_CH                    0x08003ddd   Thumb Code    86  bsp_ili9341_lcd.o(.text)
    ILI9341_DispStringLine_EN_CH             0x08003e33   Thumb Code   168  bsp_ili9341_lcd.o(.text)
    ILI9341_DispString_EN_CH                 0x08003edb   Thumb Code   168  bsp_ili9341_lcd.o(.text)
    ILI9341_DispString_EN_CH_YDir            0x08003f83   Thumb Code   132  bsp_ili9341_lcd.o(.text)
    ILI9341_zoomChar                         0x08004007   Thumb Code   378  bsp_ili9341_lcd.o(.text)
    ILI9341_DrawChar_Ex                      0x08004181   Thumb Code    92  bsp_ili9341_lcd.o(.text)
    ILI9341_DisplayStringEx                  0x080041dd   Thumb Code   246  bsp_ili9341_lcd.o(.text)
    ILI9341_DisplayStringEx_YDir             0x080042d3   Thumb Code   250  bsp_ili9341_lcd.o(.text)
    LCD_SetFont                              0x080043cd   Thumb Code     6  bsp_ili9341_lcd.o(.text)
    LCD_GetFont                              0x080043d3   Thumb Code     6  bsp_ili9341_lcd.o(.text)
    LCD_SetColors                            0x080043d9   Thumb Code    10  bsp_ili9341_lcd.o(.text)
    LCD_GetColors                            0x080043e3   Thumb Code    14  bsp_ili9341_lcd.o(.text)
    LCD_SetTextColor                         0x080043f1   Thumb Code     6  bsp_ili9341_lcd.o(.text)
    LCD_SetBackColor                         0x080043f7   Thumb Code     6  bsp_ili9341_lcd.o(.text)
    LCD_ClearLine                            0x080043fd   Thumb Code    26  bsp_ili9341_lcd.o(.text)
    ESP8266_Init                             0x08004535   Thumb Code    32  bsp_esp8266.o(.text)
    ESP8266_Rst                              0x08004555   Thumb Code    30  bsp_esp8266.o(.text)
    ESP8266_Cmd                              0x08004573   Thumb Code   170  bsp_esp8266.o(.text)
    ESP8266_AT_Test                          0x0800461d   Thumb Code    56  bsp_esp8266.o(.text)
    ESP8266_Net_Mode_Choose                  0x08004655   Thumb Code    68  bsp_esp8266.o(.text)
    ESP8266_JoinAP                           0x08004699   Thumb Code    38  bsp_esp8266.o(.text)
    ESP8266_BuildAP                          0x080046bf   Thumb Code    42  bsp_esp8266.o(.text)
    ESP8266_Enable_MultipleId                0x080046e9   Thumb Code    42  bsp_esp8266.o(.text)
    ESP8266_Link_Server                      0x08004713   Thumb Code   110  bsp_esp8266.o(.text)
    ESP8266_UnvarnishSend                    0x08004781   Thumb Code    38  bsp_esp8266.o(.text)
    WiFiConfig_STA                           0x080047a7   Thumb Code    78  bsp_esp8266.o(.text)
    ESP8266_StartOrShutServer                0x080047f5   Thumb Code   104  bsp_esp8266.o(.text)
    ESP8266_Get_LinkStatus                   0x0800485d   Thumb Code   446  bsp_esp8266.o(.text)
    ESP8266_Get_IdLinkStatus                 0x08004a1b   Thumb Code   130  bsp_esp8266.o(.text)
    ESP8266_Inquire_ApIp                     0x08004a9d   Thumb Code    80  bsp_esp8266.o(.text)
    ESP8266_ExitUnvarnishSend                0x08004aed   Thumb Code    24  bsp_esp8266.o(.text)
    ESP8266_SendString                       0x08004b05   Thumb Code   104  bsp_esp8266.o(.text)
    ESP8266_ReceiveString                    0x08004b6d   Thumb Code    88  bsp_esp8266.o(.text)
    reconnectWiFiTCP                         0x08004c99   Thumb Code    92  test.o(.text)
    processMessage                           0x08004cf5   Thumb Code   692  test.o(.text)
    receiveData                              0x08004fa9   Thumb Code    90  test.o(.text)
    transmitData                             0x08005003   Thumb Code  2586  test.o(.text)
    loginIOT                                 0x08005a1d   Thumb Code    76  test.o(.text)
    ESP8266_StaTcpClient_UnvarnishTest       0x08005a69   Thumb Code   184  test.o(.text)
    RELAY_GPIO_Config                        0x08005c49   Thumb Code    88  bsp_relay.o(.text)
    HC_SR501_GPIO_Config                     0x08005ca5   Thumb Code    32  hc_sr501.o(.text)
    DHT11_Init                               0x08005cef   Thumb Code    16  bsp_dht11.o(.text)
    DHT11_Read_TempAndHumidity               0x08005d8f   Thumb Code   156  bsp_dht11.o(.text)
    TIM3_Int_Init                            0x08005e31   Thumb Code    90  timer.o(.text)
    TIM3_IRQHandler                          0x08005e8b   Thumb Code    46  timer.o(.text)
    TIM3_PWM_Init                            0x08005eb9   Thumb Code   122  timer.o(.text)
    bh1750_iic_init                          0x08005f41   Thumb Code    46  bh1750.o(.text)
    bh1750_iic_stop                          0x08005f6f   Thumb Code    64  bh1750.o(.text)
    bh1750_send_byte                         0x08005faf   Thumb Code   112  bh1750.o(.text)
    bh1750_iic_start                         0x0800601f   Thumb Code    78  bh1750.o(.text)
    Single_Write_bh1750                      0x0800606d   Thumb Code    26  bh1750.o(.text)
    bh1750_Init                              0x08006087   Thumb Code    26  bh1750.o(.text)
    bh1750_send_ack                          0x080060a1   Thumb Code    76  bh1750.o(.text)
    bh1750_recv_byte                         0x080060ed   Thumb Code   110  bh1750.o(.text)
    bh1750_recv_ack                          0x0800615b   Thumb Code    90  bh1750.o(.text)
    bh1750_ReadContinuous1                   0x080061b5   Thumb Code    76  bh1750.o(.text)
    getValue                                 0x08006201   Thumb Code   492  bh1750.o(.text)
    bh1750_ReadOneTime                       0x080063ed   Thumb Code    76  bh1750.o(.text)
    Conversion                               0x08006439   Thumb Code    66  bh1750.o(.text)
    USART_printf                             0x08006507   Thumb Code   262  common.o(.text)
    checkin                                  0x0800660d   Thumb Code    32  bigiot.o(.text)
    checkout                                 0x0800662d   Thumb Code    32  bigiot.o(.text)
    check_status                             0x0800664d   Thumb Code    24  bigiot.o(.text)
    say                                      0x08006665   Thumb Code    32  bigiot.o(.text)
    updateMsg                                0x08006685   Thumb Code    82  bigiot.o(.text)
    MILLIS_Init                              0x0800675d   Thumb Code   196  millis.o(.text)
    RTCAlarm_IRQHandler                      0x08006821   Thumb Code    26  millis.o(.text)
    RTC_IRQHandler                           0x0800683b   Thumb Code    46  millis.o(.text)
    millis                                   0x08006869   Thumb Code    16  millis.o(.text)
    cJSON_GetErrorPtr                        0x0800687d   Thumb Code    12  cjson.o(.text)
    cJSON_Version                            0x08006889   Thumb Code    22  cjson.o(.text)
    cJSON_InitHooks                          0x0800691d   Thumb Code    82  cjson.o(.text)
    cJSON_Delete                             0x08006989   Thumb Code    84  cjson.o(.text)
    cJSON_SetNumberHelper                    0x08006b15   Thumb Code    72  cjson.o(.text)
    cJSON_ParseWithOpts                      0x0800756b   Thumb Code   228  cjson.o(.text)
    cJSON_Parse                              0x0800764f   Thumb Code    16  cjson.o(.text)
    cJSON_Print                              0x08007a37   Thumb Code    16  cjson.o(.text)
    cJSON_PrintUnformatted                   0x08007a47   Thumb Code    16  cjson.o(.text)
    cJSON_PrintBuffered                      0x08007a57   Thumb Code    82  cjson.o(.text)
    cJSON_PrintPreallocated                  0x08007aa9   Thumb Code    62  cjson.o(.text)
    cJSON_GetArraySize                       0x08007ae7   Thumb Code    18  cjson.o(.text)
    cJSON_GetArrayItem                       0x08007b17   Thumb Code    24  cjson.o(.text)
    cJSON_GetObjectItem                      0x08007b73   Thumb Code    18  cjson.o(.text)
    cJSON_GetObjectItemCaseSensitive         0x08007b85   Thumb Code    18  cjson.o(.text)
    cJSON_HasObjectItem                      0x08007b97   Thumb Code    24  cjson.o(.text)
    cJSON_AddItemToArray                     0x08007be9   Thumb Code    44  cjson.o(.text)
    cJSON_AddItemToObjectCS                  0x08007c15   Thumb Code    54  cjson.o(.text)
    cJSON_AddItemToObject                    0x08007c4b   Thumb Code    42  cjson.o(.text)
    cJSON_AddItemReferenceToArray            0x08007c75   Thumb Code    26  cjson.o(.text)
    cJSON_AddItemReferenceToObject           0x08007c8f   Thumb Code    34  cjson.o(.text)
    cJSON_DetachItemViaPointer               0x08007cb1   Thumb Code    50  cjson.o(.text)
    cJSON_DetachItemFromArray                0x08007ce3   Thumb Code    34  cjson.o(.text)
    cJSON_DeleteItemFromArray                0x08007d05   Thumb Code    22  cjson.o(.text)
    cJSON_DetachItemFromObject               0x08007d1b   Thumb Code    26  cjson.o(.text)
    cJSON_DetachItemFromObjectCaseSensitive  0x08007d35   Thumb Code    26  cjson.o(.text)
    cJSON_DeleteItemFromObject               0x08007d4f   Thumb Code    22  cjson.o(.text)
    cJSON_DeleteItemFromObjectCaseSensitive  0x08007d65   Thumb Code    22  cjson.o(.text)
    cJSON_InsertItemInArray                  0x08007d7b   Thumb Code    68  cjson.o(.text)
    cJSON_ReplaceItemViaPointer              0x08007dbf   Thumb Code    72  cjson.o(.text)
    cJSON_ReplaceItemInArray                 0x08007e07   Thumb Code    46  cjson.o(.text)
    cJSON_free                               0x08007e35   Thumb Code    14  cjson.o(.text)
    cJSON_ReplaceItemInObject                0x08007e95   Thumb Code    22  cjson.o(.text)
    cJSON_ReplaceItemInObjectCaseSensitive   0x08007eab   Thumb Code    22  cjson.o(.text)
    cJSON_CreateNull                         0x08007ec1   Thumb Code    20  cjson.o(.text)
    cJSON_CreateTrue                         0x08007ed5   Thumb Code    20  cjson.o(.text)
    cJSON_CreateFalse                        0x08007ee9   Thumb Code    20  cjson.o(.text)
    cJSON_CreateBool                         0x08007efd   Thumb Code    28  cjson.o(.text)
    cJSON_CreateNumber                       0x08007f19   Thumb Code    82  cjson.o(.text)
    cJSON_CreateString                       0x08007f6b   Thumb Code    46  cjson.o(.text)
    cJSON_CreateRaw                          0x08007f99   Thumb Code    46  cjson.o(.text)
    cJSON_CreateArray                        0x08007fc7   Thumb Code    20  cjson.o(.text)
    cJSON_CreateObject                       0x08007fdb   Thumb Code    20  cjson.o(.text)
    cJSON_CreateIntArray                     0x08007fef   Thumb Code    98  cjson.o(.text)
    cJSON_CreateFloatArray                   0x08008051   Thumb Code    98  cjson.o(.text)
    cJSON_CreateDoubleArray                  0x080080b3   Thumb Code    92  cjson.o(.text)
    cJSON_CreateStringArray                  0x0800810f   Thumb Code    86  cjson.o(.text)
    cJSON_Duplicate                          0x08008165   Thumb Code   196  cjson.o(.text)
    cJSON_Minify                             0x08008229   Thumb Code   186  cjson.o(.text)
    cJSON_IsInvalid                          0x080082e3   Thumb Code    20  cjson.o(.text)
    cJSON_IsFalse                            0x080082f7   Thumb Code    20  cjson.o(.text)
    cJSON_IsTrue                             0x0800830b   Thumb Code    22  cjson.o(.text)
    cJSON_IsBool                             0x08008321   Thumb Code    24  cjson.o(.text)
    cJSON_IsNull                             0x08008339   Thumb Code    22  cjson.o(.text)
    cJSON_IsNumber                           0x0800834f   Thumb Code    22  cjson.o(.text)
    cJSON_IsString                           0x08008365   Thumb Code    22  cjson.o(.text)
    cJSON_IsArray                            0x0800837b   Thumb Code    22  cjson.o(.text)
    cJSON_IsObject                           0x08008391   Thumb Code    22  cjson.o(.text)
    cJSON_IsRaw                              0x080083a7   Thumb Code    22  cjson.o(.text)
    cJSON_Compare                            0x080083bd   Thumb Code   322  cjson.o(.text)
    cJSON_malloc                             0x080084ff   Thumb Code    14  cjson.o(.text)
    tolower                                  0x08008511   Thumb Code    12  tolower.o(.text)
    localeconv                               0x0800851d   Thumb Code     4  localeconv.o(.text)
    __aeabi_memcpy                           0x08008525   Thumb Code    36  memcpya.o(.text)
    __aeabi_memcpy4                          0x08008525   Thumb Code     0  memcpya.o(.text)
    __aeabi_memcpy8                          0x08008525   Thumb Code     0  memcpya.o(.text)
    __aeabi_memset                           0x08008549   Thumb Code    14  memseta.o(.text)
    __aeabi_memset4                          0x08008549   Thumb Code     0  memseta.o(.text)
    __aeabi_memset8                          0x08008549   Thumb Code     0  memseta.o(.text)
    __aeabi_memclr                           0x08008557   Thumb Code     4  memseta.o(.text)
    __aeabi_memclr4                          0x08008557   Thumb Code     0  memseta.o(.text)
    __aeabi_memclr8                          0x08008557   Thumb Code     0  memseta.o(.text)
    _memset$wrapper                          0x0800855b   Thumb Code    18  memseta.o(.text)
    strstr                                   0x0800856d   Thumb Code    36  strstr.o(.text)
    strlen                                   0x08008591   Thumb Code    14  strlen.o(.text)
    strcmp                                   0x0800859f   Thumb Code    28  strcmp.o(.text)
    strcpy                                   0x080085bb   Thumb Code    18  strcpy.o(.text)
    strncmp                                  0x080085cd   Thumb Code    30  strncmp.o(.text)
    __0sscanf                                0x080085ed   Thumb Code    48  __0sscanf.o(.text)
    _scanf_real                              0x0800874d   Thumb Code     0  scanf_fp.o(.text)
    _scanf_really_real                       0x0800874d   Thumb Code   556  scanf_fp.o(.text)
    __aeabi_dmul                             0x08008985   Thumb Code   228  dmul.o(.text)
    __aeabi_ddiv                             0x08008a69   Thumb Code   222  ddiv.o(.text)
    __aeabi_ui2f                             0x08008b47   Thumb Code    10  ffltui.o(.text)
    __aeabi_i2d                              0x08008b51   Thumb Code    34  dflti.o(.text)
    __aeabi_d2iz                             0x08008b73   Thumb Code    62  dfixi.o(.text)
    __aeabi_f2d                              0x08008bb1   Thumb Code    38  f2d.o(.text)
    __aeabi_cdcmpeq                          0x08008bd9   Thumb Code     0  cdcmple.o(.text)
    __aeabi_cdcmple                          0x08008bd9   Thumb Code    48  cdcmple.o(.text)
    __aeabi_cdrcmple                         0x08008c09   Thumb Code    48  cdrcmple.o(.text)
    __aeabi_d2f                              0x08008c39   Thumb Code    56  d2f.o(.text)
    __aeabi_cfcmpeq                          0x08008c71   Thumb Code     0  cfcmple.o(.text)
    __aeabi_cfcmple                          0x08008c71   Thumb Code    20  cfcmple.o(.text)
    __aeabi_cfrcmple                         0x08008c85   Thumb Code    20  cfrcmple.o(.text)
    __aeabi_uidiv                            0x08008c99   Thumb Code     0  uidiv.o(.text)
    __aeabi_uidivmod                         0x08008c99   Thumb Code    44  uidiv.o(.text)
    __aeabi_uldivmod                         0x08008cc5   Thumb Code    98  uldiv.o(.text)
    __aeabi_llsr                             0x08008d27   Thumb Code    32  llushr.o(.text)
    _ll_ushift_r                             0x08008d27   Thumb Code     0  llushr.o(.text)
    __vfscanf_char                           0x08008d55   Thumb Code    20  scanf_char.o(.text)
    _sgetc                                   0x08008d71   Thumb Code    30  _sgetc.o(.text)
    _sbackspace                              0x08008d8f   Thumb Code    34  _sgetc.o(.text)
    __strtod_int                             0x08008de7   Thumb Code    90  strtod.o(.text)
    __I$use$fp                               0x08008e4d   Thumb Code     0  iusefp.o(.text)
    _float_round                             0x08008e4d   Thumb Code    18  fepilogue.o(.text)
    _float_epilogue                          0x08008e5f   Thumb Code    92  fepilogue.o(.text)
    _double_round                            0x08008ebb   Thumb Code    30  depilogue.o(.text)
    _double_epilogue                         0x08008ed9   Thumb Code   156  depilogue.o(.text)
    __aeabi_dadd                             0x08008f75   Thumb Code   322  dadd.o(.text)
    __aeabi_dsub                             0x080090b7   Thumb Code     6  dadd.o(.text)
    __aeabi_drsub                            0x080090bd   Thumb Code     6  dadd.o(.text)
    __aeabi_ul2d                             0x080090c3   Thumb Code    24  dfltul.o(.text)
    __aeabi_d2ulz                            0x080090db   Thumb Code    48  dfixul.o(.text)
    __scatterload                            0x0800910d   Thumb Code    28  init.o(.text)
    __scatterload_rt2                        0x0800910d   Thumb Code     0  init.o(.text)
    __aeabi_llsl                             0x08009131   Thumb Code    30  llshl.o(.text)
    _ll_shift_l                              0x08009131   Thumb Code     0  llshl.o(.text)
    __aeabi_lasr                             0x0800914f   Thumb Code    36  llsshr.o(.text)
    _ll_sshift_r                             0x0800914f   Thumb Code     0  llsshr.o(.text)
    isspace                                  0x08009173   Thumb Code    10  isspace_c.o(.text)
    __vfscanf                                0x0800917d   Thumb Code   808  _scanf.o(.text)
    __ctype_lookup                           0x080094a9   Thumb Code    34  ctype_c.o(.text)
    ILI9341_Read_Data                        0x080094d1   Thumb Code     6  bsp_ili9341_lcd.o(i.ILI9341_Read_Data)
    ILI9341_Write_Cmd                        0x080094dd   Thumb Code     8  bsp_ili9341_lcd.o(i.ILI9341_Write_Cmd)
    ILI9341_Write_Data                       0x080094e5   Thumb Code     6  bsp_ili9341_lcd.o(i.ILI9341_Write_Data)
    __0printf                                0x080094f1   Thumb Code    22  printfa.o(i.__0printf)
    __1printf                                0x080094f1   Thumb Code     0  printfa.o(i.__0printf)
    __2printf                                0x080094f1   Thumb Code     0  printfa.o(i.__0printf)
    __c89printf                              0x080094f1   Thumb Code     0  printfa.o(i.__0printf)
    printf                                   0x080094f1   Thumb Code     0  printfa.o(i.__0printf)
    __0sprintf                               0x08009511   Thumb Code    34  printfa.o(i.__0sprintf)
    __1sprintf                               0x08009511   Thumb Code     0  printfa.o(i.__0sprintf)
    __2sprintf                               0x08009511   Thumb Code     0  printfa.o(i.__0sprintf)
    __c89sprintf                             0x08009511   Thumb Code     0  printfa.o(i.__0sprintf)
    sprintf                                  0x08009511   Thumb Code     0  printfa.o(i.__0sprintf)
    free                                     0x08009539   Thumb Code    88  mallocr.o(i.__free$realloc)
    malloc                                   0x08009595   Thumb Code    64  mallocr.o(i.__malloc$realloc)
    __scatterload_copy                       0x080095e5   Thumb Code    14  handlers.o(i.__scatterload_copy)
    __scatterload_null                       0x080095f3   Thumb Code     2  handlers.o(i.__scatterload_null)
    __scatterload_zeroinit                   0x080095f5   Thumb Code    14  handlers.o(i.__scatterload_zeroinit)
    _is_digit                                0x08009789   Thumb Code    14  scanf_fp.o(i._is_digit)
    realloc                                  0x08009f21   Thumb Code   102  mallocr.o(i.realloc)
    strtod                                   0x08009f8d   Thumb Code    28  strtod.o(i.strtod)
    ASCII8x16_Table                          0x08009fa8   Data        1520  fonts.o(.constdata)
    ASCII16x24_Table                         0x0800a598   Data        4560  fonts.o(.constdata)
    ASCII24x32_Table                         0x0800b768   Data        9120  fonts.o(.constdata)
    __internal_lconv                         0x0800db08   Data          56  ilconv.o(.constdata)
    __ctype_categories                       0x0800db40   Data          64  ctype_c.o(.constdata)
    Region$$Table$$Base                      0x0800dc6c   Number         0  anon$$obj.o(Region$$Table)
    Region$$Table$$Limit                     0x0800dc8c   Number         0  anon$$obj.o(Region$$Table)
    SystemCoreClock                          0x20000000   Data           4  system_stm32f10x.o(.data)
    AHBPrescTable                            0x20000004   Data          16  system_stm32f10x.o(.data)
    Font8x16                                 0x2000002c   Data           8  fonts.o(.data)
    Font16x24                                0x20000034   Data           8  fonts.o(.data)
    Font24x32                                0x2000003c   Data           8  fonts.o(.data)
    LCD_X_LENGTH                             0x2000004c   Data           2  bsp_ili9341_lcd.o(.data)
    LCD_Y_LENGTH                             0x2000004e   Data           2  bsp_ili9341_lcd.o(.data)
    LCD_SCAN_MODE                            0x20000050   Data           1  bsp_ili9341_lcd.o(.data)
    ucTcpClosedFlag                          0x2000005c   Data           1  test.o(.data)
    lastCheckInTime                          0x20000060   Data           4  test.o(.data)
    lastCheckStatusTime                      0x20000064   Data           4  test.o(.data)
    lastSayTime                              0x20000068   Data           4  test.o(.data)
    DEVICEID                                 0x2000006c   Data           4  test.o(.data)
    APIKEY                                   0x20000070   Data           4  test.o(.data)
    TEMP                                     0x20000074   Data           4  test.o(.data)
    HUMI                                     0x20000078   Data           4  test.o(.data)
    LIGHT                                    0x2000007c   Data           4  test.o(.data)
    HUMAN                                    0x20000080   Data           4  test.o(.data)
    sysTimerCounter                          0x20000084   Data           4  timer.o(.data)
    BUF                                      0x20000088   Data           8  bh1750.o(.data)
    temp2                                    0x20000090   Data           2  bh1750.o(.data)
    lux                                      0x20000094   Data           4  bh1750.o(.data)
    __stdout                                 0x200000ac   Data           4  stdout.o(.data)
    __microlib_freelist                      0x200000b0   Data           4  mvars.o(.data)
    __microlib_freelist_initialised          0x200000b4   Data           4  mvars.o(.data)
    zoomBuff                                 0x200000b8   Data       16384  bsp_ili9341_lcd.o(.bss)
    zoomTempBuff                             0x200040b8   Data        1024  bsp_ili9341_lcd.o(.bss)
    strEsp8266_Fram_Record                   0x200044b8   Data        1026  bsp_esp8266.o(.bss)
    IOTStr                                   0x200048ba   Data         128  bigiot.o(.bss)
    __heap_base                              0x20004950   Data           0  startup_stm32f10x_hd.o(HEAP)
    __heap_limit                             0x20004b50   Data           0  startup_stm32f10x_hd.o(HEAP)
    __initial_sp                             0x20004f50   Data           0  startup_stm32f10x_hd.o(STACK)



==============================================================================

Memory Map of the image

  Image Entry point : 0x08000131

  Load Region LR_IROM1 (Base: 0x08000000, Size: 0x0000dd44, Max: 0x00080000, ABSOLUTE)

    Execution Region ER_IROM1 (Exec base: 0x08000000, Load base: 0x08000000, Size: 0x0000dc8c, Max: 0x00080000, ABSOLUTE)

    Exec Addr    Load Addr    Size         Type   Attr      Idx    E Section Name        Object

    0x08000000   0x08000000   0x00000130   Data   RO            3    RESET               startup_stm32f10x_hd.o
    0x08000130   0x08000130   0x00000000   Code   RO          987  * .ARM.Collect$$$$00000000  mc_w.l(entry.o)
    0x08000130   0x08000130   0x00000004   Code   RO         1327    .ARM.Collect$$$$00000001  mc_w.l(entry2.o)
    0x08000134   0x08000134   0x00000004   Code   RO         1330    .ARM.Collect$$$$00000004  mc_w.l(entry5.o)
    0x08000138   0x08000138   0x00000000   Code   RO         1332    .ARM.Collect$$$$00000008  mc_w.l(entry7b.o)
    0x08000138   0x08000138   0x00000000   Code   RO         1334    .ARM.Collect$$$$0000000A  mc_w.l(entry8b.o)
    0x08000138   0x08000138   0x00000008   Code   RO         1335    .ARM.Collect$$$$0000000B  mc_w.l(entry9a.o)
    0x08000140   0x08000140   0x00000000   Code   RO         1337    .ARM.Collect$$$$0000000D  mc_w.l(entry10a.o)
    0x08000140   0x08000140   0x00000000   Code   RO         1339    .ARM.Collect$$$$0000000F  mc_w.l(entry11a.o)
    0x08000140   0x08000140   0x00000004   Code   RO         1328    .ARM.Collect$$$$00002712  mc_w.l(entry2.o)
    0x08000144   0x08000144   0x00000024   Code   RO            4    .text               startup_stm32f10x_hd.o
    0x08000168   0x08000168   0x000001e0   Code   RO           24    .text               system_stm32f10x.o
    0x08000348   0x08000348   0x000000dc   Code   RO          121    .text               misc.o
    0x08000424   0x08000424   0x000000c4   Code   RO          149    .text               stm32f10x_bkp.o
    0x080004e8   0x080004e8   0x0000011c   Code   RO          233    .text               stm32f10x_exti.o
    0x08000604   0x08000604   0x0000060c   Code   RO          257    .text               stm32f10x_fsmc.o
    0x08000c10   0x08000c10   0x0000035c   Code   RO          269    .text               stm32f10x_gpio.o
    0x08000f6c   0x08000f6c   0x000000cc   Code   RO          305    .text               stm32f10x_pwr.o
    0x08001038   0x08001038   0x000003a4   Code   RO          317    .text               stm32f10x_rcc.o
    0x080013dc   0x080013dc   0x00000148   Code   RO          331    .text               stm32f10x_rtc.o
    0x08001524   0x08001524   0x0000030c   Code   RO          355    .text               stm32f10x_spi.o
    0x08001830   0x08001830   0x00000e1a   Code   RO          367    .text               stm32f10x_tim.o
    0x0800264a   0x0800264a   0x00000002   PAD
    0x0800264c   0x0800264c   0x00000408   Code   RO          379    .text               stm32f10x_usart.o
    0x08002a54   0x08002a54   0x00000018   Code   RO          403    .text               main.o
    0x08002a6c   0x08002a6c   0x000000c0   Code   RO          570    .text               stm32f10x_it.o
    0x08002b2c   0x08002b2c   0x00000060   Code   RO          644    .text               bsp_led.o
    0x08002b8c   0x08002b8c   0x000000b4   Code   RO          656    .text               bsp_systick.o
    0x08002c40   0x08002c40   0x000000bc   Code   RO          674    .text               bsp_usart.o
    0x08002cfc   0x08002cfc   0x00000054   Code   RO          686    .text               fonts.o
    0x08002d50   0x08002d50   0x0000057c   Code   RO          705    .text               bsp_spi_flash.o
    0x080032cc   0x080032cc   0x0000116c   Code   RO          719    .text               bsp_ili9341_lcd.o
    0x08004438   0x08004438   0x00000860   Code   RO          762    .text               bsp_esp8266.o
    0x08004c98   0x08004c98   0x00000fb0   Code   RO          780    .text               test.o
    0x08005c48   0x08005c48   0x0000005c   Code   RO          800    .text               bsp_relay.o
    0x08005ca4   0x08005ca4   0x00000024   Code   RO          812    .text               hc_sr501.o
    0x08005cc8   0x08005cc8   0x00000168   Code   RO          824    .text               bsp_dht11.o
    0x08005e30   0x08005e30   0x00000110   Code   RO          855    .text               timer.o
    0x08005f40   0x08005f40   0x00000564   Code   RO          870    .text               bh1750.o
    0x080064a4   0x080064a4   0x00000168   Code   RO          888    .text               common.o
    0x0800660c   0x0800660c   0x00000150   Code   RO          903    .text               bigiot.o
    0x0800675c   0x0800675c   0x00000120   Code   RO          923    .text               millis.o
    0x0800687c   0x0800687c   0x00001c94   Code   RO          935    .text               cjson.o
    0x08008510   0x08008510   0x0000000c   Code   RO          990    .text               mc_w.l(tolower.o)
    0x0800851c   0x0800851c   0x00000008   Code   RO          992    .text               mc_w.l(localeconv.o)
    0x08008524   0x08008524   0x00000024   Code   RO          994    .text               mc_w.l(memcpya.o)
    0x08008548   0x08008548   0x00000024   Code   RO          996    .text               mc_w.l(memseta.o)
    0x0800856c   0x0800856c   0x00000024   Code   RO          998    .text               mc_w.l(strstr.o)
    0x08008590   0x08008590   0x0000000e   Code   RO         1000    .text               mc_w.l(strlen.o)
    0x0800859e   0x0800859e   0x0000001c   Code   RO         1002    .text               mc_w.l(strcmp.o)
    0x080085ba   0x080085ba   0x00000012   Code   RO         1004    .text               mc_w.l(strcpy.o)
    0x080085cc   0x080085cc   0x0000001e   Code   RO         1006    .text               mc_w.l(strncmp.o)
    0x080085ea   0x080085ea   0x00000002   PAD
    0x080085ec   0x080085ec   0x00000038   Code   RO         1299    .text               mc_w.l(__0sscanf.o)
    0x08008624   0x08008624   0x00000360   Code   RO         1301    .text               mc_w.l(scanf_fp.o)
    0x08008984   0x08008984   0x000000e4   Code   RO         1305    .text               mf_w.l(dmul.o)
    0x08008a68   0x08008a68   0x000000de   Code   RO         1307    .text               mf_w.l(ddiv.o)
    0x08008b46   0x08008b46   0x0000000a   Code   RO         1309    .text               mf_w.l(ffltui.o)
    0x08008b50   0x08008b50   0x00000022   Code   RO         1311    .text               mf_w.l(dflti.o)
    0x08008b72   0x08008b72   0x0000003e   Code   RO         1313    .text               mf_w.l(dfixi.o)
    0x08008bb0   0x08008bb0   0x00000026   Code   RO         1315    .text               mf_w.l(f2d.o)
    0x08008bd6   0x08008bd6   0x00000002   PAD
    0x08008bd8   0x08008bd8   0x00000030   Code   RO         1317    .text               mf_w.l(cdcmple.o)
    0x08008c08   0x08008c08   0x00000030   Code   RO         1319    .text               mf_w.l(cdrcmple.o)
    0x08008c38   0x08008c38   0x00000038   Code   RO         1321    .text               mf_w.l(d2f.o)
    0x08008c70   0x08008c70   0x00000014   Code   RO         1323    .text               mf_w.l(cfcmple.o)
    0x08008c84   0x08008c84   0x00000014   Code   RO         1325    .text               mf_w.l(cfrcmple.o)
    0x08008c98   0x08008c98   0x0000002c   Code   RO         1342    .text               mc_w.l(uidiv.o)
    0x08008cc4   0x08008cc4   0x00000062   Code   RO         1344    .text               mc_w.l(uldiv.o)
    0x08008d26   0x08008d26   0x00000020   Code   RO         1346    .text               mc_w.l(llushr.o)
    0x08008d46   0x08008d46   0x00000002   PAD
    0x08008d48   0x08008d48   0x00000028   Code   RO         1352    .text               mc_w.l(scanf_char.o)
    0x08008d70   0x08008d70   0x00000040   Code   RO         1354    .text               mc_w.l(_sgetc.o)
    0x08008db0   0x08008db0   0x0000009c   Code   RO         1356    .text               mc_w.l(strtod.o)
    0x08008e4c   0x08008e4c   0x00000000   Code   RO         1358    .text               mc_w.l(iusefp.o)
    0x08008e4c   0x08008e4c   0x0000006e   Code   RO         1359    .text               mf_w.l(fepilogue.o)
    0x08008eba   0x08008eba   0x000000ba   Code   RO         1361    .text               mf_w.l(depilogue.o)
    0x08008f74   0x08008f74   0x0000014e   Code   RO         1363    .text               mf_w.l(dadd.o)
    0x080090c2   0x080090c2   0x00000018   Code   RO         1365    .text               mf_w.l(dfltul.o)
    0x080090da   0x080090da   0x00000030   Code   RO         1367    .text               mf_w.l(dfixul.o)
    0x0800910a   0x0800910a   0x00000002   PAD
    0x0800910c   0x0800910c   0x00000024   Code   RO         1369    .text               mc_w.l(init.o)
    0x08009130   0x08009130   0x0000001e   Code   RO         1371    .text               mc_w.l(llshl.o)
    0x0800914e   0x0800914e   0x00000024   Code   RO         1373    .text               mc_w.l(llsshr.o)
    0x08009172   0x08009172   0x0000000a   Code   RO         1375    .text               mc_w.l(isspace_c.o)
    0x0800917c   0x0800917c   0x0000032c   Code   RO         1377    .text               mc_w.l(_scanf.o)
    0x080094a8   0x080094a8   0x00000028   Code   RO         1379    .text               mc_w.l(ctype_c.o)
    0x080094d0   0x080094d0   0x0000000c   Code   RO          742    i.ILI9341_Read_Data  bsp_ili9341_lcd.o
    0x080094dc   0x080094dc   0x00000008   Code   RO          732    i.ILI9341_Write_Cmd  bsp_ili9341_lcd.o
    0x080094e4   0x080094e4   0x0000000c   Code   RO          737    i.ILI9341_Write_Data  bsp_ili9341_lcd.o
    0x080094f0   0x080094f0   0x00000020   Code   RO         1243    i.__0printf         mc_w.l(printfa.o)
    0x08009510   0x08009510   0x00000028   Code   RO         1245    i.__0sprintf        mc_w.l(printfa.o)
    0x08009538   0x08009538   0x0000005c   Code   RO         1275    i.__free$realloc    mc_w.l(mallocr.o)
    0x08009594   0x08009594   0x00000050   Code   RO         1276    i.__malloc$realloc  mc_w.l(mallocr.o)
    0x080095e4   0x080095e4   0x0000000e   Code   RO         1384    i.__scatterload_copy  mc_w.l(handlers.o)
    0x080095f2   0x080095f2   0x00000002   Code   RO         1385    i.__scatterload_null  mc_w.l(handlers.o)
    0x080095f4   0x080095f4   0x0000000e   Code   RO         1386    i.__scatterload_zeroinit  mc_w.l(handlers.o)
    0x08009602   0x08009602   0x00000002   PAD
    0x08009604   0x08009604   0x00000184   Code   RO         1250    i._fp_digits        mc_w.l(printfa.o)
    0x08009788   0x08009788   0x0000000e   Code   RO         1303    i._is_digit         mc_w.l(scanf_fp.o)
    0x08009796   0x08009796   0x00000002   PAD
    0x08009798   0x08009798   0x000006dc   Code   RO         1251    i._printf_core      mc_w.l(printfa.o)
    0x08009e74   0x08009e74   0x00000024   Code   RO         1252    i._printf_post_padding  mc_w.l(printfa.o)
    0x08009e98   0x08009e98   0x0000002e   Code   RO         1253    i._printf_pre_padding  mc_w.l(printfa.o)
    0x08009ec6   0x08009ec6   0x0000000a   Code   RO         1255    i._sputc            mc_w.l(printfa.o)
    0x08009ed0   0x08009ed0   0x00000050   Code   RO         1277    i.internal_alloc    mc_w.l(mallocr.o)
    0x08009f20   0x08009f20   0x0000006c   Code   RO         1278    i.realloc           mc_w.l(mallocr.o)
    0x08009f8c   0x08009f8c   0x0000001c   Code   RO          984    i.strtod            m_ws.l(strtod.o)
    0x08009fa8   0x08009fa8   0x00003b60   Data   RO          687    .constdata          fonts.o
    0x0800db08   0x0800db08   0x00000038   Data   RO         1348    .constdata          mc_w.l(ilconv.o)
    0x0800db40   0x0800db40   0x00000040   Data   RO         1380    .constdata          mc_w.l(ctype_c.o)
    0x0800db80   0x0800db80   0x00000092   Data   RO          782    .conststring        test.o
    0x0800dc12   0x0800dc12   0x00000002   PAD
    0x0800dc14   0x0800dc14   0x0000004f   Data   RO          905    .conststring        bigiot.o
    0x0800dc63   0x0800dc63   0x00000001   PAD
    0x0800dc64   0x0800dc64   0x00000005   Data   RO         1349    .conststring        mc_w.l(ilconv.o)
    0x0800dc69   0x0800dc69   0x00000003   PAD
    0x0800dc6c   0x0800dc6c   0x00000020   Data   RO         1382    Region$$Table       anon$$obj.o


    Execution Region RW_IRAM1 (Exec base: 0x20000000, Load base: 0x0800dc8c, Size: 0x00004f50, Max: 0x00010000, ABSOLUTE)

    Exec Addr    Load Addr    Size         Type   Attr      Idx    E Section Name        Object

    0x20000000   0x0800dc8c   0x00000014   Data   RW           25    .data               system_stm32f10x.o
    0x20000014   0x0800dca0   0x00000014   Data   RW          318    .data               stm32f10x_rcc.o
    0x20000028   0x0800dcb4   0x00000004   Data   RW          657    .data               bsp_systick.o
    0x2000002c   0x0800dcb8   0x00000019   Data   RW          688    .data               fonts.o
    0x20000045   0x0800dcd1   0x00000003   PAD
    0x20000048   0x0800dcd4   0x00000004   Data   RW          706    .data               bsp_spi_flash.o
    0x2000004c   0x0800dcd8   0x00000010   Data   RW          721    .data               bsp_ili9341_lcd.o
    0x2000005c   0x0800dce8   0x00000028   Data   RW          783    .data               test.o
    0x20000084   0x0800dd10   0x00000004   Data   RW          856    .data               timer.o
    0x20000088   0x0800dd14   0x00000010   Data   RW          871    .data               bh1750.o
    0x20000098   0x0800dd24   0x00000014   Data   RW          937    .data               cjson.o
    0x200000ac   0x0800dd38   0x00000004   Data   RW         1341    .data               mc_w.l(stdout.o)
    0x200000b0   0x0800dd3c   0x00000004   Data   RW         1350    .data               mc_w.l(mvars.o)
    0x200000b4   0x0800dd40   0x00000004   Data   RW         1351    .data               mc_w.l(mvars.o)
    0x200000b8        -       0x00004400   Zero   RW          720    .bss                bsp_ili9341_lcd.o
    0x200044b8        -       0x00000402   Zero   RW          763    .bss                bsp_esp8266.o
    0x200048ba        -       0x00000080   Zero   RW          904    .bss                bigiot.o
    0x2000493a        -       0x0000000f   Zero   RW          936    .bss                cjson.o
    0x20004949   0x0800dd44   0x00000007   PAD
    0x20004950        -       0x00000200   Zero   RW            2    HEAP                startup_stm32f10x_hd.o
    0x20004b50        -       0x00000400   Zero   RW            1    STACK               startup_stm32f10x_hd.o


==============================================================================

Image component sizes


      Code (inc. data)   RO Data    RW Data    ZI Data      Debug   Object Name

      1380        136          0         16          0       3907   bh1750.o
       336        134         79          0        128       2347   bigiot.o
       360          6          0          0          0       2788   bsp_dht11.o
      2144        590          0          0       1026       8984   bsp_esp8266.o
      4492        110          0         16      17408      16991   bsp_ili9341_lcd.o
        96          6          0          0          0        558   bsp_led.o
        92          4          0          0          0        564   bsp_relay.o
      1404        128          0          4          0       5268   bsp_spi_flash.o
       180         20          0          4          0      16797   bsp_systick.o
       188         10          0          0          0       1047   bsp_usart.o
      7316        154          0         20         15      36277   cjson.o
       360          0          0          0          0       2371   common.o
         0          0          0          0          0       4500   core_cm3.o
        84         10      15200         25          0       2327   fonts.o
        36          4          0          0          0        543   hc_sr501.o
        24          0          0          0          0       1695   main.o
       288          4          0          0          0       1136   millis.o
       220         22          0          0          0       1869   misc.o
        36          8        304          0       1536        884   startup_stm32f10x_hd.o
       196          8          0          0          0       3568   stm32f10x_bkp.o
       284         10          0          0          0       2327   stm32f10x_exti.o
      1548         18          0          0          0       5447   stm32f10x_fsmc.o
       860         38          0          0          0       5801   stm32f10x_gpio.o
       192         26          0          0          0       5287   stm32f10x_it.o
       204         14          0          0          0       1983   stm32f10x_pwr.o
       932         36          0         20          0       9012   stm32f10x_rcc.o
       328          4          0          0          0       2758   stm32f10x_rtc.o
       780         14          0          0          0       6686   stm32f10x_spi.o
      3610         88          0          0          0      22912   stm32f10x_tim.o
      1032         22          0          0          0       8528   stm32f10x_usart.o
       480         38          0         20          0     267675   system_stm32f10x.o
      4016       1236        146         40          0       4414   test.o
       272         14          0          4          0       1512   timer.o

    ----------------------------------------------------------------------
     33772       2912      15764        172      20120     458763   Object Totals
         0          0         32          0          0          0   (incl. Generated)
         2          0          3          3          7          0   (incl. Padding)

    ----------------------------------------------------------------------

      Code (inc. data)   RO Data    RW Data    ZI Data      Debug   Library Member Name

        28          0          0          0          0         80   strtod.o
        56          8          0          0          0         84   __0sscanf.o
       812          4          0          0          0        112   _scanf.o
        64          0          0          0          0         84   _sgetc.o
        40          6         64          0          0         68   ctype_c.o
         0          0          0          0          0          0   entry.o
         0          0          0          0          0          0   entry10a.o
         0          0          0          0          0          0   entry11a.o
         8          4          0          0          0          0   entry2.o
         4          0          0          0          0          0   entry5.o
         0          0          0          0          0          0   entry7b.o
         0          0          0          0          0          0   entry8b.o
         8          4          0          0          0          0   entry9a.o
        30          0          0          0          0          0   handlers.o
         0          0         61          0          0          0   ilconv.o
        36          8          0          0          0         68   init.o
        10          0          0          0          0         68   isspace_c.o
         0          0          0          0          0          0   iusefp.o
        30          0          0          0          0         68   llshl.o
        36          0          0          0          0         68   llsshr.o
        32          0          0          0          0         68   llushr.o
         8          4          0          0          0         68   localeconv.o
       360         30          0          0          0        356   mallocr.o
        36          0          0          0          0         68   memcpya.o
        36          0          0          0          0        108   memseta.o
         0          0          0          8          0          0   mvars.o
      2308         96          0          0          0        604   printfa.o
        40          8          0          0          0         84   scanf_char.o
       878         12          0          0          0        216   scanf_fp.o
         0          0          0          4          0          0   stdout.o
        28          0          0          0          0         76   strcmp.o
        18          0          0          0          0         68   strcpy.o
        14          0          0          0          0         68   strlen.o
        30          0          0          0          0         80   strncmp.o
        36          0          0          0          0         80   strstr.o
       156         12          0          0          0        120   strtod.o
        12          0          0          0          0         68   tolower.o
        44          0          0          0          0         80   uidiv.o
        98          0          0          0          0         92   uldiv.o
        48          0          0          0          0         68   cdcmple.o
        48          0          0          0          0         68   cdrcmple.o
        20          0          0          0          0         68   cfcmple.o
        20          0          0          0          0         68   cfrcmple.o
        56          0          0          0          0         88   d2f.o
       334          0          0          0          0        148   dadd.o
       222          0          0          0          0        100   ddiv.o
       186          0          0          0          0        176   depilogue.o
        62          0          0          0          0         80   dfixi.o
        48          0          0          0          0         68   dfixul.o
        34          0          0          0          0         76   dflti.o
        24          0          0          0          0         76   dfltul.o
       228          0          0          0          0         96   dmul.o
        38          0          0          0          0         68   f2d.o
       110          0          0          0          0        168   fepilogue.o
        10          0          0          0          0         68   ffltui.o

    ----------------------------------------------------------------------
      6796        196        128         12          0       4488   Library Totals
        12          0          3          0          0          0   (incl. Padding)

    ----------------------------------------------------------------------

      Code (inc. data)   RO Data    RW Data    ZI Data      Debug   Library Name

        28          0          0          0          0         80   m_ws.l
      5268        196        125         12          0       2924   mc_w.l
      1488          0          0          0          0       1484   mf_w.l

    ----------------------------------------------------------------------
      6796        196        128         12          0       4488   Library Totals

    ----------------------------------------------------------------------

==============================================================================


      Code (inc. data)   RO Data    RW Data    ZI Data      Debug   

     40568       3108      15892        184      20120     457631   Grand Totals
     40568       3108      15892        184      20120     457631   ELF Image Totals
     40568       3108      15892        184          0          0   ROM Totals

==============================================================================

    Total RO  Size (Code + RO Data)                56460 (  55.14kB)
    Total RW  Size (RW Data + ZI Data)             20304 (  19.83kB)
    Total ROM Size (Code + RO Data + RW Data)      56644 (  55.32kB)

==============================================================================

